nohup: ignoring input
/root/miniconda3/envs/nco/lib/python3.12/site-packages/torch/__init__.py:1275: UserWarning: torch.set_default_tensor_type() is deprecated as of PyTorch 2.1, please use torch.set_default_dtype() and torch.set_default_device() as alternatives. (Triggered internally at /pytorch/torch/csrc/tensor/python_tensor.cpp:434.)
  _C._set_default_tensor_type(t)
================================================================================
CONFIGURATION:
================================================================================
{'checkpoint': 'results/20251129_215933/epoch-4500.pt',
 'decoder_layer_num': 1,
 'denoiser_heads': 4,
 'denoiser_layers': 2,
 'embedding_dim': 128,
 'enable_slot_diffusion': True,
 'enable_slot_reconstruction': False,
 'encoder_layer_num': 6,
 'epochs': 5000,
 'eval_type': 'argmax',
 'expert_loc': ['Enc0', 'Enc1', 'Enc2', 'Enc3', 'Enc4', 'Enc5', 'Dec'],
 'ff_hidden_dim': 512,
 'gamma': 0.1,
 'gpu_id': 1,
 'head_num': 8,
 'lambda_contrastive': 0.01,
 'lambda_diffusion': 0.1,
 'lambda_recon': 0.0,
 'log_dir': './results',
 'logit_clipping': 10,
 'lr': 0.0001,
 'max_timesteps': 1000,
 'milestones': [4501],
 'model_save_interval': 100,
 'model_type': 'SlotDiffMOEModel',
 'no_cuda': False,
 'norm': 'instance',
 'norm_loc': 'norm_last',
 'num_experts': 4,
 'occ_gpu': 0.0,
 'pomo_size': 50,
 'problem': 'Train_ALL',
 'problem_size': 50,
 'qkv_dim': 16,
 'routing_level': 'node',
 'routing_method': 'input_choice',
 'seed': 2023,
 'slot_iter_num': 3,
 'slot_num': 16,
 'sqrt_embedding_dim': 11.313708498984761,
 'topk': 2,
 'train_batch_size': 128,
 'train_episodes': 20000,
 'validation_interval': 5000,
 'weight_decay': 1e-06}
================================================================================

>> DUAL-TASK MODE ENABLED:
   - Nhánh 1 (Policy): VRP Solver
   - Nhánh 2 (Representation): Slot Diffusion
   - Diffusion Timesteps: 1000
   - Denoiser: 2 layers, 4 heads
   - Loss Weights: λ_diffusion=0.1, λ_contrastive=0.01

>> Log Path: ./results/20251201_213505
>> No occupation needed
>> USE_CUDA: True, CUDA_DEVICE_NUM: 1

================================================================================
>> Start Train_ALL Training using SlotDiffMOEModel Model ...
================================================================================

============================================================
LOSS CONFIGURATION:
  - RL Loss: 1.0 (base)
  - Diffusion Loss: 0.1
  - Reconstruction Loss: 0.0
  - Contrastive Loss: 0.01
============================================================
There are 4806794 (4.81 million) parameters in this neural network
>> Checkpoint (Epoch: 4500) Loaded!
=================================================================
Epoch 4501: Train (100%)  Score: 10.0497,  Loss: -0.1995
Epoch 4501/5000: Time Est.: Elapsed[1.40m], Remain[11.67h]
=================================================================
Epoch 4502: Train (100%)  Score: 10.3903,  Loss: -0.2021
Epoch 4502/5000: Time Est.: Elapsed[2.69m], Remain[11.14h]
=================================================================
Epoch 4503: Train (100%)  Score: 10.0124,  Loss: -0.1967
Epoch 4503/5000: Time Est.: Elapsed[3.98m], Remain[10.99h]
=================================================================
Epoch 4504: Train (100%)  Score: 10.1982,  Loss: -0.1968
Epoch 4504/5000: Time Est.: Elapsed[5.26m], Remain[10.86h]
=================================================================
Epoch 4505: Train (100%)  Score: 10.3317,  Loss: -0.1962
Epoch 4505/5000: Time Est.: Elapsed[6.53m], Remain[10.77h]
=================================================================
Epoch 4506: Train (100%)  Score: 9.9310,  Loss: -0.1892
Epoch 4506/5000: Time Est.: Elapsed[7.83m], Remain[10.74h]
=================================================================
Epoch 4507: Train (100%)  Score: 10.2606,  Loss: -0.1930
Epoch 4507/5000: Time Est.: Elapsed[9.13m], Remain[10.72h]
=================================================================
Epoch 4508: Train (100%)  Score: 10.2972,  Loss: -0.1971
Epoch 4508/5000: Time Est.: Elapsed[10.55m], Remain[10.82h]
=================================================================
Epoch 4509: Train (100%)  Score: 10.2156,  Loss: -0.1955
Epoch 4509/5000: Time Est.: Elapsed[11.92m], Remain[10.83h]
=================================================================
Epoch 4510: Train (100%)  Score: 10.0546,  Loss: -0.1872
Epoch 4510/5000: Time Est.: Elapsed[13.26m], Remain[10.83h]
=================================================================
Epoch 4511: Train (100%)  Score: 10.4547,  Loss: -0.1941
Epoch 4511/5000: Time Est.: Elapsed[14.64m], Remain[10.85h]
=================================================================
Epoch 4512: Train (100%)  Score: 10.2873,  Loss: -0.1917
Epoch 4512/5000: Time Est.: Elapsed[16.07m], Remain[10.89h]
=================================================================
Epoch 4513: Train (100%)  Score: 10.2181,  Loss: -0.1918
Epoch 4513/5000: Time Est.: Elapsed[17.52m], Remain[10.94h]
=================================================================
Epoch 4514: Train (100%)  Score: 10.2156,  Loss: -0.1871
Epoch 4514/5000: Time Est.: Elapsed[18.83m], Remain[10.90h]
=================================================================
Epoch 4515: Train (100%)  Score: 10.3066,  Loss: -0.1916
Epoch 4515/5000: Time Est.: Elapsed[20.14m], Remain[10.85h]
=================================================================
Epoch 4516: Train (100%)  Score: 10.0448,  Loss: -0.1942
Epoch 4516/5000: Time Est.: Elapsed[21.44m], Remain[10.81h]
=================================================================
Epoch 4517: Train (100%)  Score: 9.8257,  Loss: -0.1960
Epoch 4517/5000: Time Est.: Elapsed[22.69m], Remain[10.74h]
=================================================================
Epoch 4518: Train (100%)  Score: 10.4778,  Loss: -0.1911
Epoch 4518/5000: Time Est.: Elapsed[23.94m], Remain[10.68h]
=================================================================
Epoch 4519: Train (100%)  Score: 9.9826,  Loss: -0.1871
Epoch 4519/5000: Time Est.: Elapsed[25.21m], Remain[10.64h]
=================================================================
Epoch 4520: Train (100%)  Score: 9.7029,  Loss: -0.1916
Epoch 4520/5000: Time Est.: Elapsed[26.52m], Remain[10.61h]
=================================================================
Epoch 4521: Train (100%)  Score: 9.9939,  Loss: -0.1907
Epoch 4521/5000: Time Est.: Elapsed[27.83m], Remain[10.58h]
=================================================================
Epoch 4522: Train (100%)  Score: 10.1214,  Loss: -0.1945
Epoch 4522/5000: Time Est.: Elapsed[29.13m], Remain[10.55h]
=================================================================
Epoch 4523: Train (100%)  Score: 10.2062,  Loss: -0.1938
Epoch 4523/5000: Time Est.: Elapsed[30.42m], Remain[10.52h]
=================================================================
Epoch 4524: Train (100%)  Score: 9.7253,  Loss: -0.1868
Epoch 4524/5000: Time Est.: Elapsed[31.69m], Remain[10.48h]
=================================================================
Epoch 4525: Train (100%)  Score: 10.4108,  Loss: -0.1886
Epoch 4525/5000: Time Est.: Elapsed[32.44m], Remain[10.27h]
=================================================================
Epoch 4526: Train (100%)  Score: 10.0052,  Loss: -0.1895
Epoch 4526/5000: Time Est.: Elapsed[34.37m], Remain[10.44h]
=================================================================
Epoch 4527: Train (100%)  Score: 10.0954,  Loss: -0.1896
Epoch 4527/5000: Time Est.: Elapsed[35.68m], Remain[10.42h]
=================================================================
Epoch 4528: Train (100%)  Score: 9.8894,  Loss: -0.1889
Epoch 4528/5000: Time Est.: Elapsed[37.02m], Remain[10.40h]
=================================================================
Epoch 4529: Train (100%)  Score: 9.8558,  Loss: -0.1860
Epoch 4529/5000: Time Est.: Elapsed[38.48m], Remain[10.41h]
=================================================================
Epoch 4530: Train (100%)  Score: 10.1058,  Loss: -0.1941
Epoch 4530/5000: Time Est.: Elapsed[39.96m], Remain[10.43h]
=================================================================
Epoch 4531: Train (100%)  Score: 10.3084,  Loss: -0.1899
Epoch 4531/5000: Time Est.: Elapsed[41.46m], Remain[10.46h]
=================================================================
Epoch 4532: Train (100%)  Score: 10.3989,  Loss: -0.1922
Epoch 4532/5000: Time Est.: Elapsed[42.91m], Remain[10.46h]
=================================================================
Epoch 4533: Train (100%)  Score: 10.3265,  Loss: -0.1932
Epoch 4533/5000: Time Est.: Elapsed[44.65m], Remain[10.53h]
=================================================================
Epoch 4534: Train (100%)  Score: 9.6982,  Loss: -0.1887
Epoch 4534/5000: Time Est.: Elapsed[46.15m], Remain[10.54h]
=================================================================
Epoch 4535: Train (100%)  Score: 9.8137,  Loss: -0.1880
Epoch 4535/5000: Time Est.: Elapsed[47.67m], Remain[10.56h]
=================================================================
Epoch 4536: Train (100%)  Score: 9.8202,  Loss: -0.1908
Epoch 4536/5000: Time Est.: Elapsed[48.93m], Remain[10.51h]
=================================================================
Epoch 4537: Train (100%)  Score: 9.9920,  Loss: -0.1913
Epoch 4537/5000: Time Est.: Elapsed[50.14m], Remain[10.46h]
=================================================================
Epoch 4538: Train (100%)  Score: 9.9397,  Loss: -0.1869
Epoch 4538/5000: Time Est.: Elapsed[51.51m], Remain[10.44h]
=================================================================
Epoch 4539: Train (100%)  Score: 10.2832,  Loss: -0.1934
Epoch 4539/5000: Time Est.: Elapsed[52.84m], Remain[10.41h]
=================================================================
Epoch 4540: Train (100%)  Score: 10.3556,  Loss: -0.1923
Epoch 4540/5000: Time Est.: Elapsed[54.14m], Remain[10.38h]
=================================================================
Epoch 4541: Train (100%)  Score: 10.0069,  Loss: -0.1942
Epoch 4541/5000: Time Est.: Elapsed[55.57m], Remain[10.37h]
=================================================================
Epoch 4542: Train (100%)  Score: 10.3025,  Loss: -0.1920
Epoch 4542/5000: Time Est.: Elapsed[56.99m], Remain[10.36h]
=================================================================
Epoch 4543: Train (100%)  Score: 9.9711,  Loss: -0.1928
Epoch 4543/5000: Time Est.: Elapsed[58.47m], Remain[10.36h]
=================================================================
Epoch 4544: Train (100%)  Score: 10.0444,  Loss: -0.1902
Epoch 4544/5000: Time Est.: Elapsed[59.83m], Remain[10.33h]
=================================================================
Epoch 4545: Train (100%)  Score: 9.9954,  Loss: -0.1871
Epoch 4545/5000: Time Est.: Elapsed[1.02h], Remain[10.29h]
=================================================================
Epoch 4546: Train (100%)  Score: 9.9369,  Loss: -0.1918
Epoch 4546/5000: Time Est.: Elapsed[1.04h], Remain[10.26h]
=================================================================
Epoch 4547: Train (100%)  Score: 10.2608,  Loss: -0.1906
Epoch 4547/5000: Time Est.: Elapsed[1.06h], Remain[10.23h]
=================================================================
Epoch 4548: Train (100%)  Score: 10.3525,  Loss: -0.1957
Epoch 4548/5000: Time Est.: Elapsed[1.08h], Remain[10.20h]
=================================================================
Epoch 4549: Train (100%)  Score: 9.8586,  Loss: -0.1908
Epoch 4549/5000: Time Est.: Elapsed[1.10h], Remain[10.16h]
=================================================================
Epoch 4550: Train (100%)  Score: 9.8056,  Loss: -0.1868
Epoch 4550/5000: Time Est.: Elapsed[1.13h], Remain[10.13h]
=================================================================
Epoch 4551: Train (100%)  Score: 10.0754,  Loss: -0.1943
Epoch 4551/5000: Time Est.: Elapsed[1.15h], Remain[10.09h]
=================================================================
Epoch 4552: Train (100%)  Score: 9.8973,  Loss: -0.1889
Epoch 4552/5000: Time Est.: Elapsed[1.17h], Remain[10.06h]
=================================================================
Epoch 4553: Train (100%)  Score: 9.9977,  Loss: -0.1934
Epoch 4553/5000: Time Est.: Elapsed[1.19h], Remain[10.02h]
=================================================================
Epoch 4554: Train (100%)  Score: 10.3561,  Loss: -0.1930
Epoch 4554/5000: Time Est.: Elapsed[1.21h], Remain[10.00h]
=================================================================
Epoch 4555: Train (100%)  Score: 10.0904,  Loss: -0.1904
Epoch 4555/5000: Time Est.: Elapsed[1.23h], Remain[9.97h]
=================================================================
Epoch 4556: Train (100%)  Score: 9.9669,  Loss: -0.1893
Epoch 4556/5000: Time Est.: Elapsed[1.25h], Remain[9.94h]
=================================================================
Epoch 4557: Train (100%)  Score: 10.2012,  Loss: -0.1899
Epoch 4557/5000: Time Est.: Elapsed[1.28h], Remain[9.92h]
=================================================================
Epoch 4558: Train (100%)  Score: 9.9511,  Loss: -0.1852
Epoch 4558/5000: Time Est.: Elapsed[1.30h], Remain[9.88h]
=================================================================
Epoch 4559: Train (100%)  Score: 9.9055,  Loss: -0.1840
Epoch 4559/5000: Time Est.: Elapsed[1.32h], Remain[9.85h]
=================================================================
Epoch 4560: Train (100%)  Score: 9.8561,  Loss: -0.1862
Epoch 4560/5000: Time Est.: Elapsed[1.34h], Remain[9.82h]
=================================================================
Epoch 4561: Train (100%)  Score: 9.7098,  Loss: -0.1805
Epoch 4561/5000: Time Est.: Elapsed[1.36h], Remain[9.79h]
=================================================================
Epoch 4562: Train (100%)  Score: 10.0109,  Loss: -0.1840
Epoch 4562/5000: Time Est.: Elapsed[1.38h], Remain[9.77h]
=================================================================
Epoch 4563: Train (100%)  Score: 10.0358,  Loss: -0.1909
Epoch 4563/5000: Time Est.: Elapsed[1.40h], Remain[9.74h]
=================================================================
Epoch 4564: Train (100%)  Score: 10.0239,  Loss: -0.1921
Epoch 4564/5000: Time Est.: Elapsed[1.43h], Remain[9.72h]
=================================================================
Epoch 4565: Train (100%)  Score: 10.2689,  Loss: -0.1897
Epoch 4565/5000: Time Est.: Elapsed[1.45h], Remain[9.69h]
=================================================================
Epoch 4566: Train (100%)  Score: 9.8915,  Loss: -0.1942
Epoch 4566/5000: Time Est.: Elapsed[1.47h], Remain[9.66h]
=================================================================
Epoch 4567: Train (100%)  Score: 10.1018,  Loss: -0.1878
Epoch 4567/5000: Time Est.: Elapsed[1.49h], Remain[9.62h]
=================================================================
Epoch 4568: Train (100%)  Score: 9.8026,  Loss: -0.1877
Epoch 4568/5000: Time Est.: Elapsed[1.51h], Remain[9.58h]
=================================================================
Epoch 4569: Train (100%)  Score: 10.2352,  Loss: -0.1965
Epoch 4569/5000: Time Est.: Elapsed[1.53h], Remain[9.55h]
=================================================================
Epoch 4570: Train (100%)  Score: 9.9610,  Loss: -0.1876
Epoch 4570/5000: Time Est.: Elapsed[1.55h], Remain[9.51h]
=================================================================
Epoch 4571: Train (100%)  Score: 9.8649,  Loss: -0.1859
Epoch 4571/5000: Time Est.: Elapsed[1.57h], Remain[9.48h]
=================================================================
Epoch 4572: Train (100%)  Score: 9.9140,  Loss: -0.1821
Epoch 4572/5000: Time Est.: Elapsed[1.59h], Remain[9.46h]
=================================================================
Epoch 4573: Train (100%)  Score: 10.2239,  Loss: -0.1907
Epoch 4573/5000: Time Est.: Elapsed[1.61h], Remain[9.42h]
=================================================================
Epoch 4574: Train (100%)  Score: 10.0363,  Loss: -0.1913
Epoch 4574/5000: Time Est.: Elapsed[1.63h], Remain[9.39h]
=================================================================
Epoch 4575: Train (100%)  Score: 10.0760,  Loss: -0.1945
Epoch 4575/5000: Time Est.: Elapsed[1.65h], Remain[9.36h]
=================================================================
Epoch 4576: Train (100%)  Score: 10.3576,  Loss: -0.1930
Epoch 4576/5000: Time Est.: Elapsed[1.67h], Remain[9.33h]
=================================================================
Epoch 4577: Train (100%)  Score: 9.9567,  Loss: -0.1930
Epoch 4577/5000: Time Est.: Elapsed[1.69h], Remain[9.31h]
=================================================================
Epoch 4578: Train (100%)  Score: 9.5153,  Loss: -0.1878
Epoch 4578/5000: Time Est.: Elapsed[1.72h], Remain[9.28h]
=================================================================
Epoch 4579: Train (100%)  Score: 10.4414,  Loss: -0.1942
Epoch 4579/5000: Time Est.: Elapsed[1.74h], Remain[9.25h]
=================================================================
Epoch 4580: Train (100%)  Score: 10.7107,  Loss: -0.1952
Epoch 4580/5000: Time Est.: Elapsed[1.76h], Remain[9.22h]
=================================================================
Epoch 4581: Train (100%)  Score: 9.9340,  Loss: -0.1844
Epoch 4581/5000: Time Est.: Elapsed[1.78h], Remain[9.19h]
=================================================================
Epoch 4582: Train (100%)  Score: 10.0838,  Loss: -0.1849
Epoch 4582/5000: Time Est.: Elapsed[1.80h], Remain[9.16h]
=================================================================
Epoch 4583: Train (100%)  Score: 9.9678,  Loss: -0.1900
Epoch 4583/5000: Time Est.: Elapsed[1.82h], Remain[9.13h]
=================================================================
Epoch 4584: Train (100%)  Score: 10.1210,  Loss: -0.1895
Epoch 4584/5000: Time Est.: Elapsed[1.84h], Remain[9.10h]
=================================================================
Epoch 4585: Train (100%)  Score: 10.3269,  Loss: -0.1908
Epoch 4585/5000: Time Est.: Elapsed[1.86h], Remain[9.07h]
=================================================================
Epoch 4586: Train (100%)  Score: 9.9628,  Loss: -0.1876
Epoch 4586/5000: Time Est.: Elapsed[1.88h], Remain[9.05h]
=================================================================
Epoch 4587: Train (100%)  Score: 10.1742,  Loss: -0.1883
Epoch 4587/5000: Time Est.: Elapsed[1.90h], Remain[9.02h]
=================================================================
Epoch 4588: Train (100%)  Score: 9.9663,  Loss: -0.1897
Epoch 4588/5000: Time Est.: Elapsed[1.92h], Remain[8.99h]
=================================================================
Epoch 4589: Train (100%)  Score: 10.2288,  Loss: -0.1922
Epoch 4589/5000: Time Est.: Elapsed[1.94h], Remain[8.96h]
=================================================================
Epoch 4590: Train (100%)  Score: 10.0317,  Loss: -0.1897
Epoch 4590/5000: Time Est.: Elapsed[1.96h], Remain[8.92h]
=================================================================
Epoch 4591: Train (100%)  Score: 10.1435,  Loss: -0.1912
Epoch 4591/5000: Time Est.: Elapsed[1.98h], Remain[8.89h]
=================================================================
Epoch 4592: Train (100%)  Score: 9.8676,  Loss: -0.1878
Epoch 4592/5000: Time Est.: Elapsed[2.00h], Remain[8.86h]
=================================================================
Epoch 4593: Train (100%)  Score: 10.0221,  Loss: -0.1934
Epoch 4593/5000: Time Est.: Elapsed[2.02h], Remain[8.83h]
=================================================================
Epoch 4594: Train (100%)  Score: 10.0575,  Loss: -0.1929
Epoch 4594/5000: Time Est.: Elapsed[2.04h], Remain[8.80h]
=================================================================
Epoch 4595: Train (100%)  Score: 9.8126,  Loss: -0.1930
Epoch 4595/5000: Time Est.: Elapsed[2.06h], Remain[8.78h]
=================================================================
Epoch 4596: Train (100%)  Score: 10.0767,  Loss: -0.1848
Epoch 4596/5000: Time Est.: Elapsed[2.08h], Remain[8.75h]
=================================================================
Epoch 4597: Train (100%)  Score: 9.9253,  Loss: -0.1916
Epoch 4597/5000: Time Est.: Elapsed[2.10h], Remain[8.72h]
=================================================================
Epoch 4598: Train (100%)  Score: 10.0987,  Loss: -0.1874
Epoch 4598/5000: Time Est.: Elapsed[2.12h], Remain[8.69h]
=================================================================
Epoch 4599: Train (100%)  Score: 10.4173,  Loss: -0.1899
Epoch 4599/5000: Time Est.: Elapsed[2.14h], Remain[8.67h]
=================================================================
>> Invalid instances, Re-generating ...
Epoch 4600: Train (100%)  Score: 10.2995,  Loss: -0.1936
Epoch 4600/5000: Time Est.: Elapsed[2.16h], Remain[8.64h]
Saving trained_model
=================================================================
Epoch 4601: Train (100%)  Score: 10.2323,  Loss: -0.1930
Epoch 4601/5000: Time Est.: Elapsed[2.18h], Remain[8.63h]
=================================================================
Epoch 4602: Train (100%)  Score: 9.9578,  Loss: -0.1935
Epoch 4602/5000: Time Est.: Elapsed[2.21h], Remain[8.62h]
=================================================================
Epoch 4603: Train (100%)  Score: 10.1584,  Loss: -0.1902
Epoch 4603/5000: Time Est.: Elapsed[2.23h], Remain[8.60h]
=================================================================
Epoch 4604: Train (100%)  Score: 9.8988,  Loss: -0.1865
Epoch 4604/5000: Time Est.: Elapsed[2.25h], Remain[8.58h]
=================================================================
Epoch 4605: Train (100%)  Score: 10.0672,  Loss: -0.1937
Epoch 4605/5000: Time Est.: Elapsed[2.27h], Remain[8.56h]
=================================================================
Epoch 4606: Train (100%)  Score: 10.0481,  Loss: -0.1890
Epoch 4606/5000: Time Est.: Elapsed[2.30h], Remain[8.53h]
=================================================================
Epoch 4607: Train (100%)  Score: 9.7787,  Loss: -0.1935
Epoch 4607/5000: Time Est.: Elapsed[2.32h], Remain[8.51h]
=================================================================
Epoch 4608: Train (100%)  Score: 10.5020,  Loss: -0.1943
Epoch 4608/5000: Time Est.: Elapsed[2.33h], Remain[8.45h]
=================================================================
Epoch 4609: Train (100%)  Score: 9.9906,  Loss: -0.1975
Epoch 4609/5000: Time Est.: Elapsed[2.36h], Remain[8.46h]
=================================================================
Epoch 4610: Train (100%)  Score: 10.3247,  Loss: -0.1912
Epoch 4610/5000: Time Est.: Elapsed[2.38h], Remain[8.44h]
=================================================================
Epoch 4611: Train (100%)  Score: 10.1607,  Loss: -0.1894
Epoch 4611/5000: Time Est.: Elapsed[2.40h], Remain[8.42h]
=================================================================
Epoch 4612: Train (100%)  Score: 10.1011,  Loss: -0.1934
Epoch 4612/5000: Time Est.: Elapsed[2.42h], Remain[8.40h]
=================================================================
Epoch 4613: Train (100%)  Score: 9.9148,  Loss: -0.1877
Epoch 4613/5000: Time Est.: Elapsed[2.44h], Remain[8.37h]
=================================================================
Epoch 4614: Train (100%)  Score: 9.6724,  Loss: -0.1832
Epoch 4614/5000: Time Est.: Elapsed[2.47h], Remain[8.35h]
=================================================================
Epoch 4615: Train (100%)  Score: 10.1625,  Loss: -0.1935
Epoch 4615/5000: Time Est.: Elapsed[2.49h], Remain[8.32h]
=================================================================
Epoch 4616: Train (100%)  Score: 9.9109,  Loss: -0.1957
Epoch 4616/5000: Time Est.: Elapsed[2.50h], Remain[8.26h]
=================================================================
Epoch 4617: Train (100%)  Score: 9.8220,  Loss: -0.1879
Epoch 4617/5000: Time Est.: Elapsed[2.53h], Remain[8.27h]
=================================================================
Epoch 4618: Train (100%)  Score: 10.2666,  Loss: -0.1911
Epoch 4618/5000: Time Est.: Elapsed[2.55h], Remain[8.25h]
=================================================================
Epoch 4619: Train (100%)  Score: 10.5269,  Loss: -0.1934
Epoch 4619/5000: Time Est.: Elapsed[2.57h], Remain[8.22h]
=================================================================
Epoch 4620: Train (100%)  Score: 10.0155,  Loss: -0.1871
Epoch 4620/5000: Time Est.: Elapsed[2.59h], Remain[8.19h]
=================================================================
Epoch 4621: Train (100%)  Score: 10.3382,  Loss: -0.1909
Epoch 4621/5000: Time Est.: Elapsed[2.61h], Remain[8.17h]
=================================================================
Epoch 4622: Train (100%)  Score: 10.2298,  Loss: -0.1914
Epoch 4622/5000: Time Est.: Elapsed[2.63h], Remain[8.14h]
=================================================================
Epoch 4623: Train (100%)  Score: 9.9400,  Loss: -0.1921
Epoch 4623/5000: Time Est.: Elapsed[2.65h], Remain[8.12h]
=================================================================
Epoch 4624: Train (100%)  Score: 10.2402,  Loss: -0.1850
Epoch 4624/5000: Time Est.: Elapsed[2.67h], Remain[8.09h]
=================================================================
Epoch 4625: Train (100%)  Score: 10.2819,  Loss: -0.1978
Epoch 4625/5000: Time Est.: Elapsed[2.69h], Remain[8.07h]
=================================================================
Epoch 4626: Train (100%)  Score: 10.3355,  Loss: -0.1956
Epoch 4626/5000: Time Est.: Elapsed[2.71h], Remain[8.05h]
=================================================================
Epoch 4627: Train (100%)  Score: 10.2210,  Loss: -0.1906
Epoch 4627/5000: Time Est.: Elapsed[2.73h], Remain[8.02h]
=================================================================
Epoch 4628: Train (100%)  Score: 9.8312,  Loss: -0.1904
Epoch 4628/5000: Time Est.: Elapsed[2.75h], Remain[8.00h]
=================================================================
Epoch 4629: Train (100%)  Score: 9.9194,  Loss: -0.1897
Epoch 4629/5000: Time Est.: Elapsed[2.77h], Remain[7.98h]
=================================================================
Epoch 4630: Train (100%)  Score: 10.2307,  Loss: -0.1906
Epoch 4630/5000: Time Est.: Elapsed[2.80h], Remain[7.96h]
=================================================================
Epoch 4631: Train (100%)  Score: 10.3270,  Loss: -0.1889
Epoch 4631/5000: Time Est.: Elapsed[2.82h], Remain[7.94h]
=================================================================
Epoch 4632: Train (100%)  Score: 10.0320,  Loss: -0.1877
Epoch 4632/5000: Time Est.: Elapsed[2.84h], Remain[7.91h]
=================================================================
Epoch 4633: Train (100%)  Score: 10.3296,  Loss: -0.1878
Epoch 4633/5000: Time Est.: Elapsed[2.86h], Remain[7.89h]
=================================================================
Epoch 4634: Train (100%)  Score: 10.5179,  Loss: -0.1923
Epoch 4634/5000: Time Est.: Elapsed[2.88h], Remain[7.87h]
=================================================================
Epoch 4635: Train (100%)  Score: 9.8876,  Loss: -0.1837
Epoch 4635/5000: Time Est.: Elapsed[2.90h], Remain[7.85h]
=================================================================
Epoch 4636: Train (100%)  Score: 9.8211,  Loss: -0.1867
Epoch 4636/5000: Time Est.: Elapsed[2.92h], Remain[7.83h]
=================================================================
Epoch 4637: Train (100%)  Score: 9.8972,  Loss: -0.1907
Epoch 4637/5000: Time Est.: Elapsed[2.95h], Remain[7.81h]
=================================================================
Epoch 4638: Train (100%)  Score: 10.2911,  Loss: -0.1877
Epoch 4638/5000: Time Est.: Elapsed[2.97h], Remain[7.78h]
=================================================================
Epoch 4639: Train (100%)  Score: 10.0988,  Loss: -0.1850
Epoch 4639/5000: Time Est.: Elapsed[2.99h], Remain[7.76h]
=================================================================
Epoch 4640: Train (100%)  Score: 10.3085,  Loss: -0.1941
Epoch 4640/5000: Time Est.: Elapsed[3.01h], Remain[7.73h]
=================================================================
Epoch 4641: Train (100%)  Score: 9.9748,  Loss: -0.1931
Epoch 4641/5000: Time Est.: Elapsed[3.03h], Remain[7.71h]
=================================================================
Epoch 4642: Train (100%)  Score: 10.0593,  Loss: -0.1938
Epoch 4642/5000: Time Est.: Elapsed[3.05h], Remain[7.69h]
=================================================================
Epoch 4643: Train (100%)  Score: 9.5293,  Loss: -0.1872
Epoch 4643/5000: Time Est.: Elapsed[3.07h], Remain[7.67h]
=================================================================
Epoch 4644: Train (100%)  Score: 9.9341,  Loss: -0.1920
Epoch 4644/5000: Time Est.: Elapsed[3.09h], Remain[7.65h]
=================================================================
Epoch 4645: Train (100%)  Score: 10.0188,  Loss: -0.1865
Epoch 4645/5000: Time Est.: Elapsed[3.12h], Remain[7.63h]
=================================================================
Epoch 4646: Train (100%)  Score: 10.0949,  Loss: -0.1893
Epoch 4646/5000: Time Est.: Elapsed[3.14h], Remain[7.61h]
=================================================================
Epoch 4647: Train (100%)  Score: 10.0173,  Loss: -0.1881
Epoch 4647/5000: Time Est.: Elapsed[3.16h], Remain[7.59h]
=================================================================
Epoch 4648: Train (100%)  Score: 10.3691,  Loss: -0.1910
Epoch 4648/5000: Time Est.: Elapsed[3.18h], Remain[7.57h]
=================================================================
Epoch 4649: Train (100%)  Score: 9.7653,  Loss: -0.1916
Epoch 4649/5000: Time Est.: Elapsed[3.20h], Remain[7.54h]
=================================================================
Epoch 4650: Train (100%)  Score: 9.8731,  Loss: -0.1936
Epoch 4650/5000: Time Est.: Elapsed[3.22h], Remain[7.51h]
=================================================================
Epoch 4651: Train (100%)  Score: 10.0542,  Loss: -0.1938
Epoch 4651/5000: Time Est.: Elapsed[3.24h], Remain[7.49h]
=================================================================
Epoch 4652: Train (100%)  Score: 9.7432,  Loss: -0.1904
Epoch 4652/5000: Time Est.: Elapsed[3.26h], Remain[7.47h]
=================================================================
Epoch 4653: Train (100%)  Score: 10.1710,  Loss: -0.1871
Epoch 4653/5000: Time Est.: Elapsed[3.28h], Remain[7.45h]
=================================================================
Epoch 4654: Train (100%)  Score: 9.8889,  Loss: -0.1896
Epoch 4654/5000: Time Est.: Elapsed[3.30h], Remain[7.42h]
=================================================================
Epoch 4655: Train (100%)  Score: 10.1904,  Loss: -0.1874
Epoch 4655/5000: Time Est.: Elapsed[3.32h], Remain[7.40h]
=================================================================
Epoch 4656: Train (100%)  Score: 10.4151,  Loss: -0.1877
Epoch 4656/5000: Time Est.: Elapsed[3.35h], Remain[7.38h]
=================================================================
Epoch 4657: Train (100%)  Score: 9.8868,  Loss: -0.1875
Epoch 4657/5000: Time Est.: Elapsed[3.37h], Remain[7.35h]
=================================================================
Epoch 4658: Train (100%)  Score: 9.9133,  Loss: -0.1874
Epoch 4658/5000: Time Est.: Elapsed[3.39h], Remain[7.33h]
=================================================================
Epoch 4659: Train (100%)  Score: 9.7830,  Loss: -0.1890
Epoch 4659/5000: Time Est.: Elapsed[3.41h], Remain[7.31h]
=================================================================
Epoch 4660: Train (100%)  Score: 10.2730,  Loss: -0.1926
Epoch 4660/5000: Time Est.: Elapsed[3.43h], Remain[7.28h]
=================================================================
Epoch 4661: Train (100%)  Score: 9.8206,  Loss: -0.1909
Epoch 4661/5000: Time Est.: Elapsed[3.45h], Remain[7.26h]
=================================================================
Epoch 4662: Train (100%)  Score: 9.7734,  Loss: -0.1849
Epoch 4662/5000: Time Est.: Elapsed[3.47h], Remain[7.23h]
=================================================================
Epoch 4663: Train (100%)  Score: 9.9331,  Loss: -0.1884
Epoch 4663/5000: Time Est.: Elapsed[3.49h], Remain[7.21h]
=================================================================
Epoch 4664: Train (100%)  Score: 10.1048,  Loss: -0.1898
Epoch 4664/5000: Time Est.: Elapsed[3.51h], Remain[7.19h]
=================================================================
Epoch 4665: Train (100%)  Score: 9.9614,  Loss: -0.1905
Epoch 4665/5000: Time Est.: Elapsed[3.53h], Remain[7.17h]
=================================================================
Epoch 4666: Train (100%)  Score: 10.0492,  Loss: -0.1900
Epoch 4666/5000: Time Est.: Elapsed[3.55h], Remain[7.15h]
=================================================================
Epoch 4667: Train (100%)  Score: 9.9744,  Loss: -0.1902
Epoch 4667/5000: Time Est.: Elapsed[3.58h], Remain[7.13h]
=================================================================
Epoch 4668: Train (100%)  Score: 10.3923,  Loss: -0.1907
Epoch 4668/5000: Time Est.: Elapsed[3.60h], Remain[7.12h]
=================================================================
Epoch 4669: Train (100%)  Score: 9.9519,  Loss: -0.1852
Epoch 4669/5000: Time Est.: Elapsed[3.62h], Remain[7.10h]
=================================================================
Epoch 4670: Train (100%)  Score: 10.0569,  Loss: -0.1892
Epoch 4670/5000: Time Est.: Elapsed[3.65h], Remain[7.08h]
=================================================================
Epoch 4671: Train (100%)  Score: 10.1836,  Loss: -0.1902
Epoch 4671/5000: Time Est.: Elapsed[3.67h], Remain[7.06h]
=================================================================
Epoch 4672: Train (100%)  Score: 10.1224,  Loss: -0.1861
Epoch 4672/5000: Time Est.: Elapsed[3.69h], Remain[7.04h]
=================================================================
Epoch 4673: Train (100%)  Score: 9.8680,  Loss: -0.1892
Epoch 4673/5000: Time Est.: Elapsed[3.72h], Remain[7.02h]
=================================================================
Epoch 4674: Train (100%)  Score: 9.8090,  Loss: -0.1867
Epoch 4674/5000: Time Est.: Elapsed[3.74h], Remain[7.01h]
=================================================================
Epoch 4675: Train (100%)  Score: 10.0068,  Loss: -0.1912
Epoch 4675/5000: Time Est.: Elapsed[3.76h], Remain[6.98h]
=================================================================
Epoch 4676: Train (100%)  Score: 9.9376,  Loss: -0.1843
Epoch 4676/5000: Time Est.: Elapsed[3.78h], Remain[6.96h]
=================================================================
Epoch 4677: Train (100%)  Score: 10.2103,  Loss: -0.1935
Epoch 4677/5000: Time Est.: Elapsed[3.80h], Remain[6.94h]
=================================================================
Epoch 4678: Train (100%)  Score: 9.9240,  Loss: -0.1906
Epoch 4678/5000: Time Est.: Elapsed[3.83h], Remain[6.92h]
=================================================================
Epoch 4679: Train (100%)  Score: 10.0260,  Loss: -0.1931
Epoch 4679/5000: Time Est.: Elapsed[3.85h], Remain[6.90h]
=================================================================
Epoch 4680: Train (100%)  Score: 9.7751,  Loss: -0.1887
Epoch 4680/5000: Time Est.: Elapsed[3.87h], Remain[6.88h]
=================================================================
Epoch 4681: Train (100%)  Score: 9.9857,  Loss: -0.1847
Epoch 4681/5000: Time Est.: Elapsed[3.89h], Remain[6.86h]
=================================================================
Epoch 4682: Train (100%)  Score: 10.3661,  Loss: -0.1921
Epoch 4682/5000: Time Est.: Elapsed[3.92h], Remain[6.85h]
=================================================================
Epoch 4683: Train (100%)  Score: 10.2391,  Loss: -0.1874
Epoch 4683/5000: Time Est.: Elapsed[3.94h], Remain[6.83h]
=================================================================
Epoch 4684: Train (100%)  Score: 9.7563,  Loss: -0.1858
Epoch 4684/5000: Time Est.: Elapsed[3.97h], Remain[6.81h]
=================================================================
Epoch 4685: Train (100%)  Score: 9.6933,  Loss: -0.1889
Epoch 4685/5000: Time Est.: Elapsed[3.99h], Remain[6.80h]
=================================================================
Epoch 4686: Train (100%)  Score: 10.1437,  Loss: -0.1820
Epoch 4686/5000: Time Est.: Elapsed[4.01h], Remain[6.78h]
=================================================================
Epoch 4687: Train (100%)  Score: 9.8765,  Loss: -0.1877
Epoch 4687/5000: Time Est.: Elapsed[4.04h], Remain[6.76h]
=================================================================
Epoch 4688: Train (100%)  Score: 10.0909,  Loss: -0.1900
Epoch 4688/5000: Time Est.: Elapsed[4.06h], Remain[6.73h]
=================================================================
Epoch 4689: Train (100%)  Score: 10.1058,  Loss: -0.1907
Epoch 4689/5000: Time Est.: Elapsed[4.08h], Remain[6.71h]
=================================================================
Epoch 4690: Train (100%)  Score: 10.3285,  Loss: -0.1941
Epoch 4690/5000: Time Est.: Elapsed[4.10h], Remain[6.69h]
=================================================================
Epoch 4691: Train (100%)  Score: 9.9323,  Loss: -0.1876
Epoch 4691/5000: Time Est.: Elapsed[4.12h], Remain[6.67h]
=================================================================
Epoch 4692: Train (100%)  Score: 10.0481,  Loss: -0.1898
Epoch 4692/5000: Time Est.: Elapsed[4.14h], Remain[6.65h]
=================================================================
Epoch 4693: Train (100%)  Score: 9.9660,  Loss: -0.1870
Epoch 4693/5000: Time Est.: Elapsed[4.17h], Remain[6.63h]
=================================================================
Epoch 4694: Train (100%)  Score: 10.1865,  Loss: -0.1896
Epoch 4694/5000: Time Est.: Elapsed[4.19h], Remain[6.61h]
=================================================================
Epoch 4695: Train (100%)  Score: 10.1871,  Loss: -0.1904
Epoch 4695/5000: Time Est.: Elapsed[4.21h], Remain[6.59h]
=================================================================
Epoch 4696: Train (100%)  Score: 10.0785,  Loss: -0.1892
Epoch 4696/5000: Time Est.: Elapsed[4.23h], Remain[6.57h]
=================================================================
Epoch 4697: Train (100%)  Score: 10.4277,  Loss: -0.1858
Epoch 4697/5000: Time Est.: Elapsed[4.26h], Remain[6.55h]
=================================================================
Epoch 4698: Train (100%)  Score: 9.7729,  Loss: -0.1893
Epoch 4698/5000: Time Est.: Elapsed[4.28h], Remain[6.53h]
=================================================================
Epoch 4699: Train (100%)  Score: 10.2247,  Loss: -0.1901
Epoch 4699/5000: Time Est.: Elapsed[4.30h], Remain[6.50h]
=================================================================
Epoch 4700: Train (100%)  Score: 10.1625,  Loss: -0.1897
Epoch 4700/5000: Time Est.: Elapsed[4.32h], Remain[6.48h]
Saving trained_model
=================================================================
>> Invalid instances, Re-generating ...
Epoch 4701: Train (100%)  Score: 9.7005,  Loss: -0.1855
Epoch 4701/5000: Time Est.: Elapsed[4.34h], Remain[6.46h]
=================================================================
Epoch 4702: Train (100%)  Score: 9.7492,  Loss: -0.1912
Epoch 4702/5000: Time Est.: Elapsed[4.37h], Remain[6.44h]
=================================================================
Epoch 4703: Train (100%)  Score: 9.8436,  Loss: -0.1865
Epoch 4703/5000: Time Est.: Elapsed[4.42h], Remain[6.46h]
=================================================================
Epoch 4704: Train (100%)  Score: 10.5569,  Loss: -0.1916
Epoch 4704/5000: Time Est.: Elapsed[4.44h], Remain[6.44h]
=================================================================
Epoch 4705: Train (100%)  Score: 10.2514,  Loss: -0.1936
Epoch 4705/5000: Time Est.: Elapsed[4.46h], Remain[6.41h]
=================================================================
Epoch 4706: Train (100%)  Score: 10.0988,  Loss: -0.1940
Epoch 4706/5000: Time Est.: Elapsed[4.46h], Remain[6.37h]
=================================================================
Epoch 4707: Train (100%)  Score: 10.1992,  Loss: -0.1912
Epoch 4707/5000: Time Est.: Elapsed[4.49h], Remain[6.36h]
=================================================================
Epoch 4708: Train (100%)  Score: 10.1622,  Loss: -0.1910
Epoch 4708/5000: Time Est.: Elapsed[4.51h], Remain[6.33h]
=================================================================
Epoch 4709: Train (100%)  Score: 9.9709,  Loss: -0.1888
Epoch 4709/5000: Time Est.: Elapsed[4.53h], Remain[6.31h]
=================================================================
Epoch 4710: Train (100%)  Score: 9.9568,  Loss: -0.1881
Epoch 4710/5000: Time Est.: Elapsed[4.55h], Remain[6.28h]
=================================================================
Epoch 4711: Train (100%)  Score: 10.0355,  Loss: -0.1891
Epoch 4711/5000: Time Est.: Elapsed[4.57h], Remain[6.26h]
=================================================================
Epoch 4712: Train (100%)  Score: 10.4186,  Loss: -0.1905
Epoch 4712/5000: Time Est.: Elapsed[4.59h], Remain[6.23h]
=================================================================
Epoch 4713: Train (100%)  Score: 9.9868,  Loss: -0.1866
Epoch 4713/5000: Time Est.: Elapsed[4.61h], Remain[6.21h]
=================================================================
Epoch 4714: Train (100%)  Score: 10.2032,  Loss: -0.1918
Epoch 4714/5000: Time Est.: Elapsed[4.63h], Remain[6.19h]
=================================================================
Epoch 4715: Train (100%)  Score: 9.9710,  Loss: -0.1911
Epoch 4715/5000: Time Est.: Elapsed[4.65h], Remain[6.16h]
=================================================================
Epoch 4716: Train (100%)  Score: 9.8957,  Loss: -0.1879
Epoch 4716/5000: Time Est.: Elapsed[4.67h], Remain[6.14h]
=================================================================
Epoch 4717: Train (100%)  Score: 10.2633,  Loss: -0.1880
Epoch 4717/5000: Time Est.: Elapsed[4.68h], Remain[6.11h]
=================================================================
Epoch 4718: Train (100%)  Score: 9.8593,  Loss: -0.1862
Epoch 4718/5000: Time Est.: Elapsed[4.70h], Remain[6.09h]
=================================================================
Epoch 4719: Train (100%)  Score: 10.3078,  Loss: -0.1903
Epoch 4719/5000: Time Est.: Elapsed[4.72h], Remain[6.06h]
=================================================================
Epoch 4720: Train (100%)  Score: 9.9767,  Loss: -0.1889
Epoch 4720/5000: Time Est.: Elapsed[4.74h], Remain[6.04h]
=================================================================
Epoch 4721: Train (100%)  Score: 10.0658,  Loss: -0.1864
Epoch 4721/5000: Time Est.: Elapsed[4.76h], Remain[6.01h]
=================================================================
Epoch 4722: Train (100%)  Score: 10.1571,  Loss: -0.1923
Epoch 4722/5000: Time Est.: Elapsed[4.78h], Remain[5.99h]
=================================================================
Epoch 4723: Train (100%)  Score: 10.0052,  Loss: -0.1921
Epoch 4723/5000: Time Est.: Elapsed[4.80h], Remain[5.96h]
=================================================================
Epoch 4724: Train (100%)  Score: 10.0182,  Loss: -0.1881
Epoch 4724/5000: Time Est.: Elapsed[4.82h], Remain[5.94h]
=================================================================
Epoch 4725: Train (100%)  Score: 9.9877,  Loss: -0.1884
Epoch 4725/5000: Time Est.: Elapsed[4.84h], Remain[5.91h]
=================================================================
Epoch 4726: Train (100%)  Score: 10.1184,  Loss: -0.1913
Epoch 4726/5000: Time Est.: Elapsed[4.86h], Remain[5.89h]
=================================================================
Epoch 4727: Train (100%)  Score: 10.0323,  Loss: -0.1876
Epoch 4727/5000: Time Est.: Elapsed[4.88h], Remain[5.86h]
=================================================================
Epoch 4728: Train (100%)  Score: 10.0092,  Loss: -0.1901
Epoch 4728/5000: Time Est.: Elapsed[4.89h], Remain[5.84h]
=================================================================
Epoch 4729: Train (100%)  Score: 9.8289,  Loss: -0.1897
Epoch 4729/5000: Time Est.: Elapsed[4.91h], Remain[5.81h]
=================================================================
Epoch 4730: Train (100%)  Score: 9.9770,  Loss: -0.1875
Epoch 4730/5000: Time Est.: Elapsed[4.93h], Remain[5.79h]
=================================================================
Epoch 4731: Train (100%)  Score: 10.2148,  Loss: -0.1925
Epoch 4731/5000: Time Est.: Elapsed[4.95h], Remain[5.77h]
=================================================================
Epoch 4732: Train (100%)  Score: 10.3704,  Loss: -0.1912
Epoch 4732/5000: Time Est.: Elapsed[4.97h], Remain[5.74h]
=================================================================
Epoch 4733: Train (100%)  Score: 9.8101,  Loss: -0.1939
Epoch 4733/5000: Time Est.: Elapsed[4.99h], Remain[5.72h]
=================================================================
Epoch 4734: Train (100%)  Score: 10.1241,  Loss: -0.1874
Epoch 4734/5000: Time Est.: Elapsed[5.01h], Remain[5.69h]
=================================================================
Epoch 4735: Train (100%)  Score: 10.0394,  Loss: -0.1903
Epoch 4735/5000: Time Est.: Elapsed[5.03h], Remain[5.67h]
=================================================================
Epoch 4736: Train (100%)  Score: 10.5294,  Loss: -0.1898
Epoch 4736/5000: Time Est.: Elapsed[5.05h], Remain[5.65h]
=================================================================
Epoch 4737: Train (100%)  Score: 9.8777,  Loss: -0.1921
Epoch 4737/5000: Time Est.: Elapsed[5.07h], Remain[5.62h]
=================================================================
Epoch 4738: Train (100%)  Score: 10.0783,  Loss: -0.1861
Epoch 4738/5000: Time Est.: Elapsed[5.09h], Remain[5.60h]
=================================================================
Epoch 4739: Train (100%)  Score: 9.6246,  Loss: -0.1924
Epoch 4739/5000: Time Est.: Elapsed[5.10h], Remain[5.57h]
=================================================================
Epoch 4740: Train (100%)  Score: 10.0364,  Loss: -0.1883
Epoch 4740/5000: Time Est.: Elapsed[5.12h], Remain[5.55h]
=================================================================
Epoch 4741: Train (100%)  Score: 10.2276,  Loss: -0.1955
Epoch 4741/5000: Time Est.: Elapsed[5.14h], Remain[5.53h]
=================================================================
Epoch 4742: Train (100%)  Score: 10.2167,  Loss: -0.1899
Epoch 4742/5000: Time Est.: Elapsed[5.16h], Remain[5.50h]
=================================================================
Epoch 4743: Train (100%)  Score: 10.0035,  Loss: -0.1870
Epoch 4743/5000: Time Est.: Elapsed[5.18h], Remain[5.48h]
=================================================================
Epoch 4744: Train (100%)  Score: 10.0382,  Loss: -0.1870
Epoch 4744/5000: Time Est.: Elapsed[5.20h], Remain[5.46h]
=================================================================
Epoch 4745: Train (100%)  Score: 9.8864,  Loss: -0.1920
Epoch 4745/5000: Time Est.: Elapsed[5.22h], Remain[5.43h]
=================================================================
Epoch 4746: Train (100%)  Score: 10.5050,  Loss: -0.1917
Epoch 4746/5000: Time Est.: Elapsed[5.24h], Remain[5.41h]
=================================================================
Epoch 4747: Train (100%)  Score: 9.8187,  Loss: -0.1881
Epoch 4747/5000: Time Est.: Elapsed[5.26h], Remain[5.39h]
=================================================================
Epoch 4748: Train (100%)  Score: 9.9637,  Loss: -0.1880
Epoch 4748/5000: Time Est.: Elapsed[5.28h], Remain[5.36h]
=================================================================
Epoch 4749: Train (100%)  Score: 9.9772,  Loss: -0.1873
Epoch 4749/5000: Time Est.: Elapsed[5.30h], Remain[5.34h]
=================================================================
Epoch 4750: Train (100%)  Score: 10.1178,  Loss: -0.1895
Epoch 4750/5000: Time Est.: Elapsed[5.32h], Remain[5.32h]
=================================================================
Epoch 4751: Train (100%)  Score: 9.8398,  Loss: -0.1873
Epoch 4751/5000: Time Est.: Elapsed[5.34h], Remain[5.29h]
=================================================================
Epoch 4752: Train (100%)  Score: 10.1388,  Loss: -0.1889
Epoch 4752/5000: Time Est.: Elapsed[5.36h], Remain[5.27h]
=================================================================
Epoch 4753: Train (100%)  Score: 10.0923,  Loss: -0.1906
Epoch 4753/5000: Time Est.: Elapsed[5.38h], Remain[5.25h]
=================================================================
Epoch 4754: Train (100%)  Score: 10.1392,  Loss: -0.1941
Epoch 4754/5000: Time Est.: Elapsed[5.40h], Remain[5.23h]
=================================================================
Epoch 4755: Train (100%)  Score: 10.5484,  Loss: -0.1969
Epoch 4755/5000: Time Est.: Elapsed[5.41h], Remain[5.20h]
=================================================================
Epoch 4756: Train (100%)  Score: 10.3036,  Loss: -0.1927
Epoch 4756/5000: Time Est.: Elapsed[5.43h], Remain[5.18h]
=================================================================
Epoch 4757: Train (100%)  Score: 9.8813,  Loss: -0.1835
Epoch 4757/5000: Time Est.: Elapsed[5.45h], Remain[5.16h]
=================================================================
Epoch 4758: Train (100%)  Score: 10.1630,  Loss: -0.1917
Epoch 4758/5000: Time Est.: Elapsed[5.47h], Remain[5.13h]
=================================================================
Epoch 4759: Train (100%)  Score: 10.1803,  Loss: -0.1918
Epoch 4759/5000: Time Est.: Elapsed[5.49h], Remain[5.11h]
=================================================================
Epoch 4760: Train (100%)  Score: 10.1634,  Loss: -0.1912
Epoch 4760/5000: Time Est.: Elapsed[5.51h], Remain[5.09h]
=================================================================
Epoch 4761: Train (100%)  Score: 10.0167,  Loss: -0.1866
Epoch 4761/5000: Time Est.: Elapsed[5.53h], Remain[5.06h]
=================================================================
Epoch 4762: Train (100%)  Score: 9.8201,  Loss: -0.1883
Epoch 4762/5000: Time Est.: Elapsed[5.55h], Remain[5.04h]
=================================================================
Epoch 4763: Train (100%)  Score: 9.9974,  Loss: -0.1897
Epoch 4763/5000: Time Est.: Elapsed[5.57h], Remain[5.02h]
=================================================================
Epoch 4764: Train (100%)  Score: 10.2606,  Loss: -0.1929
Epoch 4764/5000: Time Est.: Elapsed[5.60h], Remain[5.00h]
=================================================================
Epoch 4765: Train (100%)  Score: 10.4547,  Loss: -0.1885
Epoch 4765/5000: Time Est.: Elapsed[5.62h], Remain[4.98h]
=================================================================
Epoch 4766: Train (100%)  Score: 9.5452,  Loss: -0.1833
Epoch 4766/5000: Time Est.: Elapsed[5.64h], Remain[4.96h]
=================================================================
Epoch 4767: Train (100%)  Score: 10.1574,  Loss: -0.1938
Epoch 4767/5000: Time Est.: Elapsed[5.66h], Remain[4.94h]
=================================================================
Epoch 4768: Train (100%)  Score: 10.0855,  Loss: -0.1872
Epoch 4768/5000: Time Est.: Elapsed[5.68h], Remain[4.91h]
=================================================================
Epoch 4769: Train (100%)  Score: 9.9943,  Loss: -0.1892
Epoch 4769/5000: Time Est.: Elapsed[5.70h], Remain[4.89h]
=================================================================
Epoch 4770: Train (100%)  Score: 10.3689,  Loss: -0.1911
Epoch 4770/5000: Time Est.: Elapsed[5.72h], Remain[4.87h]
=================================================================
Epoch 4771: Train (100%)  Score: 10.3081,  Loss: -0.1916
Epoch 4771/5000: Time Est.: Elapsed[5.74h], Remain[4.85h]
=================================================================
Epoch 4772: Train (100%)  Score: 10.1327,  Loss: -0.1892
Epoch 4772/5000: Time Est.: Elapsed[5.76h], Remain[4.83h]
=================================================================
Epoch 4773: Train (100%)  Score: 9.6940,  Loss: -0.1847
Epoch 4773/5000: Time Est.: Elapsed[5.78h], Remain[4.80h]
=================================================================
Epoch 4774: Train (100%)  Score: 9.9631,  Loss: -0.1893
Epoch 4774/5000: Time Est.: Elapsed[5.80h], Remain[4.78h]
=================================================================
Epoch 4775: Train (100%)  Score: 9.9282,  Loss: -0.1857
Epoch 4775/5000: Time Est.: Elapsed[5.82h], Remain[4.76h]
=================================================================
Epoch 4776: Train (100%)  Score: 10.1235,  Loss: -0.1926
Epoch 4776/5000: Time Est.: Elapsed[5.84h], Remain[4.74h]
=================================================================
Epoch 4777: Train (100%)  Score: 10.2319,  Loss: -0.1895
Epoch 4777/5000: Time Est.: Elapsed[5.86h], Remain[4.72h]
=================================================================
Epoch 4778: Train (100%)  Score: 10.2463,  Loss: -0.1916
Epoch 4778/5000: Time Est.: Elapsed[5.88h], Remain[4.69h]
=================================================================
Epoch 4779: Train (100%)  Score: 9.8763,  Loss: -0.1875
Epoch 4779/5000: Time Est.: Elapsed[5.90h], Remain[4.67h]
=================================================================
Epoch 4780: Train (100%)  Score: 9.7249,  Loss: -0.1879
Epoch 4780/5000: Time Est.: Elapsed[5.92h], Remain[4.65h]
=================================================================
Epoch 4781: Train (100%)  Score: 10.0403,  Loss: -0.1856
Epoch 4781/5000: Time Est.: Elapsed[5.94h], Remain[4.63h]
=================================================================
Epoch 4782: Train (100%)  Score: 10.1457,  Loss: -0.1909
Epoch 4782/5000: Time Est.: Elapsed[5.96h], Remain[4.60h]
=================================================================
Epoch 4783: Train (100%)  Score: 10.2070,  Loss: -0.1896
Epoch 4783/5000: Time Est.: Elapsed[5.97h], Remain[4.58h]
=================================================================
Epoch 4784: Train (100%)  Score: 10.0917,  Loss: -0.1880
Epoch 4784/5000: Time Est.: Elapsed[5.99h], Remain[4.56h]
=================================================================
Epoch 4785: Train (100%)  Score: 9.7526,  Loss: -0.1891
Epoch 4785/5000: Time Est.: Elapsed[6.01h], Remain[4.54h]
=================================================================
Epoch 4786: Train (100%)  Score: 9.9398,  Loss: -0.1834
Epoch 4786/5000: Time Est.: Elapsed[6.03h], Remain[4.51h]
=================================================================
Epoch 4787: Train (100%)  Score: 10.3578,  Loss: -0.1929
Epoch 4787/5000: Time Est.: Elapsed[6.05h], Remain[4.49h]
=================================================================
Epoch 4788: Train (100%)  Score: 10.3711,  Loss: -0.1905
Epoch 4788/5000: Time Est.: Elapsed[6.07h], Remain[4.47h]
=================================================================
Epoch 4789: Train (100%)  Score: 10.0774,  Loss: -0.1869
Epoch 4789/5000: Time Est.: Elapsed[6.09h], Remain[4.45h]
=================================================================
Epoch 4790: Train (100%)  Score: 9.9528,  Loss: -0.1896
Epoch 4790/5000: Time Est.: Elapsed[6.11h], Remain[4.42h]
=================================================================
Epoch 4791: Train (100%)  Score: 10.1995,  Loss: -0.1869
Epoch 4791/5000: Time Est.: Elapsed[6.13h], Remain[4.40h]
=================================================================
Epoch 4792: Train (100%)  Score: 9.7442,  Loss: -0.1873
Epoch 4792/5000: Time Est.: Elapsed[6.15h], Remain[4.38h]
=================================================================
Epoch 4793: Train (100%)  Score: 10.3015,  Loss: -0.1902
Epoch 4793/5000: Time Est.: Elapsed[6.17h], Remain[4.36h]
=================================================================
Epoch 4794: Train (100%)  Score: 9.9174,  Loss: -0.1937
Epoch 4794/5000: Time Est.: Elapsed[6.19h], Remain[4.34h]
=================================================================
Epoch 4795: Train (100%)  Score: 9.6830,  Loss: -0.1856
Epoch 4795/5000: Time Est.: Elapsed[6.21h], Remain[4.31h]
=================================================================
Epoch 4796: Train (100%)  Score: 10.1549,  Loss: -0.1901
Epoch 4796/5000: Time Est.: Elapsed[6.23h], Remain[4.29h]
=================================================================
Epoch 4797: Train (100%)  Score: 9.8390,  Loss: -0.1865
Epoch 4797/5000: Time Est.: Elapsed[6.25h], Remain[4.27h]
=================================================================
Epoch 4798: Train (100%)  Score: 10.1449,  Loss: -0.1943
Epoch 4798/5000: Time Est.: Elapsed[6.27h], Remain[4.25h]
=================================================================
Epoch 4799: Train (100%)  Score: 10.8443,  Loss: -0.1929
Epoch 4799/5000: Time Est.: Elapsed[6.29h], Remain[4.23h]
=================================================================
Epoch 4800: Train (100%)  Score: 10.3868,  Loss: -0.1896
Epoch 4800/5000: Time Est.: Elapsed[6.31h], Remain[4.20h]
Saving trained_model
=================================================================
Epoch 4801: Train (100%)  Score: 9.7699,  Loss: -0.1892
Epoch 4801/5000: Time Est.: Elapsed[6.33h], Remain[4.18h]
=================================================================
Epoch 4802: Train (100%)  Score: 9.7633,  Loss: -0.1865
Epoch 4802/5000: Time Est.: Elapsed[6.34h], Remain[4.16h]
=================================================================
Epoch 4803: Train (100%)  Score: 10.0924,  Loss: -0.1918
Epoch 4803/5000: Time Est.: Elapsed[6.36h], Remain[4.14h]
=================================================================
Epoch 4804: Train (100%)  Score: 10.0497,  Loss: -0.1878
Epoch 4804/5000: Time Est.: Elapsed[6.38h], Remain[4.12h]
=================================================================
Epoch 4805: Train (100%)  Score: 10.3568,  Loss: -0.1890
Epoch 4805/5000: Time Est.: Elapsed[6.40h], Remain[4.09h]
=================================================================
Epoch 4806: Train (100%)  Score: 9.8841,  Loss: -0.1884
Epoch 4806/5000: Time Est.: Elapsed[6.42h], Remain[4.07h]
=================================================================
Epoch 4807: Train (100%)  Score: 10.2036,  Loss: -0.1919
Epoch 4807/5000: Time Est.: Elapsed[6.44h], Remain[4.05h]
=================================================================
Epoch 4808: Train (100%)  Score: 10.0692,  Loss: -0.1853
Epoch 4808/5000: Time Est.: Elapsed[6.46h], Remain[4.03h]
=================================================================
Epoch 4809: Train (100%)  Score: 9.6855,  Loss: -0.1854
Epoch 4809/5000: Time Est.: Elapsed[6.48h], Remain[4.00h]
=================================================================
Epoch 4810: Train (100%)  Score: 9.5607,  Loss: -0.1893
Epoch 4810/5000: Time Est.: Elapsed[6.50h], Remain[3.98h]
=================================================================
Epoch 4811: Train (100%)  Score: 10.4415,  Loss: -0.1946
Epoch 4811/5000: Time Est.: Elapsed[6.52h], Remain[3.96h]
=================================================================
Epoch 4812: Train (100%)  Score: 10.0124,  Loss: -0.1877
Epoch 4812/5000: Time Est.: Elapsed[6.54h], Remain[3.94h]
=================================================================
Epoch 4813: Train (100%)  Score: 9.8394,  Loss: -0.1893
Epoch 4813/5000: Time Est.: Elapsed[6.56h], Remain[3.92h]
=================================================================
Epoch 4814: Train (100%)  Score: 10.0660,  Loss: -0.1953
Epoch 4814/5000: Time Est.: Elapsed[6.58h], Remain[3.90h]
=================================================================
Epoch 4815: Train (100%)  Score: 9.9874,  Loss: -0.1884
Epoch 4815/5000: Time Est.: Elapsed[6.60h], Remain[3.87h]
=================================================================
Epoch 4816: Train (100%)  Score: 9.9004,  Loss: -0.1919
Epoch 4816/5000: Time Est.: Elapsed[6.61h], Remain[3.85h]
=================================================================
Epoch 4817: Train (100%)  Score: 9.7910,  Loss: -0.1900
Epoch 4817/5000: Time Est.: Elapsed[6.64h], Remain[3.83h]
=================================================================
Epoch 4818: Train (100%)  Score: 10.0044,  Loss: -0.1868
Epoch 4818/5000: Time Est.: Elapsed[6.65h], Remain[3.81h]
=================================================================
Epoch 4819: Train (100%)  Score: 10.0557,  Loss: -0.1893
Epoch 4819/5000: Time Est.: Elapsed[6.67h], Remain[3.79h]
=================================================================
Epoch 4820: Train (100%)  Score: 10.1059,  Loss: -0.1895
Epoch 4820/5000: Time Est.: Elapsed[6.69h], Remain[3.77h]
=================================================================
Epoch 4821: Train (100%)  Score: 10.1898,  Loss: -0.1907
Epoch 4821/5000: Time Est.: Elapsed[6.71h], Remain[3.74h]
=================================================================
Epoch 4822: Train (100%)  Score: 9.6913,  Loss: -0.1853
Epoch 4822/5000: Time Est.: Elapsed[6.73h], Remain[3.72h]
=================================================================
Epoch 4823: Train (100%)  Score: 10.0244,  Loss: -0.1877
Epoch 4823/5000: Time Est.: Elapsed[6.75h], Remain[3.70h]
=================================================================
Epoch 4824: Train (100%)  Score: 9.7591,  Loss: -0.1859
Epoch 4824/5000: Time Est.: Elapsed[6.77h], Remain[3.68h]
=================================================================
Epoch 4825: Train (100%)  Score: 9.9766,  Loss: -0.1944
Epoch 4825/5000: Time Est.: Elapsed[6.79h], Remain[3.66h]
=================================================================
Epoch 4826: Train (100%)  Score: 9.8028,  Loss: -0.1874
Epoch 4826/5000: Time Est.: Elapsed[6.81h], Remain[3.63h]
=================================================================
Epoch 4827: Train (100%)  Score: 10.4075,  Loss: -0.1887
Epoch 4827/5000: Time Est.: Elapsed[6.83h], Remain[3.61h]
=================================================================
Epoch 4828: Train (100%)  Score: 9.7868,  Loss: -0.1808
Epoch 4828/5000: Time Est.: Elapsed[6.85h], Remain[3.59h]
=================================================================
Epoch 4829: Train (100%)  Score: 9.7391,  Loss: -0.1913
Epoch 4829/5000: Time Est.: Elapsed[6.87h], Remain[3.57h]
=================================================================
>> Invalid instances, Re-generating ...
Epoch 4830: Train (100%)  Score: 10.1723,  Loss: -0.1922
Epoch 4830/5000: Time Est.: Elapsed[6.89h], Remain[3.55h]
=================================================================
Epoch 4831: Train (100%)  Score: 10.0373,  Loss: -0.1915
Epoch 4831/5000: Time Est.: Elapsed[6.91h], Remain[3.53h]
=================================================================
Epoch 4832: Train (100%)  Score: 9.8924,  Loss: -0.1860
Epoch 4832/5000: Time Est.: Elapsed[6.93h], Remain[3.51h]
=================================================================
Epoch 4833: Train (100%)  Score: 10.2263,  Loss: -0.1880
Epoch 4833/5000: Time Est.: Elapsed[6.95h], Remain[3.48h]
=================================================================
Epoch 4834: Train (100%)  Score: 10.2392,  Loss: -0.1847
Epoch 4834/5000: Time Est.: Elapsed[6.97h], Remain[3.46h]
=================================================================
Epoch 4835: Train (100%)  Score: 9.9002,  Loss: -0.1915
Epoch 4835/5000: Time Est.: Elapsed[6.99h], Remain[3.44h]
=================================================================
Epoch 4836: Train (100%)  Score: 9.9914,  Loss: -0.1811
Epoch 4836/5000: Time Est.: Elapsed[7.01h], Remain[3.42h]
=================================================================
Epoch 4837: Train (100%)  Score: 10.1062,  Loss: -0.1930
Epoch 4837/5000: Time Est.: Elapsed[7.03h], Remain[3.40h]
=================================================================
Epoch 4838: Train (100%)  Score: 10.2069,  Loss: -0.1842
Epoch 4838/5000: Time Est.: Elapsed[7.05h], Remain[3.38h]
=================================================================
Epoch 4839: Train (100%)  Score: 9.9050,  Loss: -0.1853
Epoch 4839/5000: Time Est.: Elapsed[7.06h], Remain[3.36h]
=================================================================
Epoch 4840: Train (100%)  Score: 10.1476,  Loss: -0.1888
Epoch 4840/5000: Time Est.: Elapsed[7.09h], Remain[3.33h]
=================================================================
Epoch 4841: Train (100%)  Score: 9.7899,  Loss: -0.1851
Epoch 4841/5000: Time Est.: Elapsed[7.10h], Remain[3.31h]
=================================================================
Epoch 4842: Train (100%)  Score: 9.8099,  Loss: -0.1864
Epoch 4842/5000: Time Est.: Elapsed[7.12h], Remain[3.29h]
=================================================================
Epoch 4843: Train (100%)  Score: 10.3797,  Loss: -0.1939
Epoch 4843/5000: Time Est.: Elapsed[7.14h], Remain[3.27h]
=================================================================
Epoch 4844: Train (100%)  Score: 9.8492,  Loss: -0.1877
Epoch 4844/5000: Time Est.: Elapsed[7.16h], Remain[3.25h]
=================================================================
Epoch 4845: Train (100%)  Score: 10.1154,  Loss: -0.1935
Epoch 4845/5000: Time Est.: Elapsed[7.18h], Remain[3.23h]
=================================================================
Epoch 4846: Train (100%)  Score: 9.9379,  Loss: -0.1902
Epoch 4846/5000: Time Est.: Elapsed[7.20h], Remain[3.21h]
=================================================================
Epoch 4847: Train (100%)  Score: 10.0481,  Loss: -0.1935
Epoch 4847/5000: Time Est.: Elapsed[7.22h], Remain[3.19h]
=================================================================
Epoch 4848: Train (100%)  Score: 9.9778,  Loss: -0.1884
Epoch 4848/5000: Time Est.: Elapsed[7.24h], Remain[3.16h]
=================================================================
Epoch 4849: Train (100%)  Score: 10.3684,  Loss: -0.1955
Epoch 4849/5000: Time Est.: Elapsed[7.26h], Remain[3.14h]
=================================================================
Epoch 4850: Train (100%)  Score: 10.3541,  Loss: -0.1943
Epoch 4850/5000: Time Est.: Elapsed[7.28h], Remain[3.12h]
=================================================================
Epoch 4851: Train (100%)  Score: 10.0074,  Loss: -0.1927
Epoch 4851/5000: Time Est.: Elapsed[7.30h], Remain[3.10h]
=================================================================
Epoch 4852: Train (100%)  Score: 10.3308,  Loss: -0.1911
Epoch 4852/5000: Time Est.: Elapsed[7.32h], Remain[3.08h]
=================================================================
Epoch 4853: Train (100%)  Score: 9.9108,  Loss: -0.1872
Epoch 4853/5000: Time Est.: Elapsed[7.35h], Remain[3.06h]
=================================================================
Epoch 4854: Train (100%)  Score: 9.7701,  Loss: -0.1893
Epoch 4854/5000: Time Est.: Elapsed[7.36h], Remain[3.04h]
=================================================================
Epoch 4855: Train (100%)  Score: 10.1740,  Loss: -0.1894
Epoch 4855/5000: Time Est.: Elapsed[7.38h], Remain[3.02h]
=================================================================
Epoch 4856: Train (100%)  Score: 9.6514,  Loss: -0.1904
Epoch 4856/5000: Time Est.: Elapsed[7.40h], Remain[2.99h]
=================================================================
Epoch 4857: Train (100%)  Score: 10.0866,  Loss: -0.1887
Epoch 4857/5000: Time Est.: Elapsed[7.42h], Remain[2.97h]
=================================================================
Epoch 4858: Train (100%)  Score: 10.3589,  Loss: -0.1978
Epoch 4858/5000: Time Est.: Elapsed[7.44h], Remain[2.95h]
=================================================================
Epoch 4859: Train (100%)  Score: 10.0355,  Loss: -0.1859
Epoch 4859/5000: Time Est.: Elapsed[7.46h], Remain[2.93h]
=================================================================
Epoch 4860: Train (100%)  Score: 10.0250,  Loss: -0.1920
Epoch 4860/5000: Time Est.: Elapsed[7.48h], Remain[2.91h]
=================================================================
Epoch 4861: Train (100%)  Score: 9.8616,  Loss: -0.1872
Epoch 4861/5000: Time Est.: Elapsed[7.50h], Remain[2.89h]
=================================================================
Epoch 4862: Train (100%)  Score: 9.9019,  Loss: -0.1892
Epoch 4862/5000: Time Est.: Elapsed[7.52h], Remain[2.87h]
=================================================================
Epoch 4863: Train (100%)  Score: 9.8463,  Loss: -0.1864
Epoch 4863/5000: Time Est.: Elapsed[7.54h], Remain[2.84h]
=================================================================
Epoch 4864: Train (100%)  Score: 9.8124,  Loss: -0.1900
Epoch 4864/5000: Time Est.: Elapsed[7.56h], Remain[2.82h]
=================================================================
Epoch 4865: Train (100%)  Score: 10.3098,  Loss: -0.1911
Epoch 4865/5000: Time Est.: Elapsed[7.58h], Remain[2.80h]
=================================================================
Epoch 4866: Train (100%)  Score: 10.1449,  Loss: -0.1880
Epoch 4866/5000: Time Est.: Elapsed[7.59h], Remain[2.78h]
=================================================================
Epoch 4867: Train (100%)  Score: 10.0897,  Loss: -0.1888
Epoch 4867/5000: Time Est.: Elapsed[7.60h], Remain[2.76h]
=================================================================
Epoch 4868: Train (100%)  Score: 9.7960,  Loss: -0.1910
Epoch 4868/5000: Time Est.: Elapsed[7.63h], Remain[2.74h]
=================================================================
Epoch 4869: Train (100%)  Score: 9.6665,  Loss: -0.1886
Epoch 4869/5000: Time Est.: Elapsed[7.65h], Remain[2.72h]
=================================================================
Epoch 4870: Train (100%)  Score: 10.0477,  Loss: -0.1901
Epoch 4870/5000: Time Est.: Elapsed[7.67h], Remain[2.70h]
=================================================================
Epoch 4871: Train (100%)  Score: 10.3083,  Loss: -0.1922
Epoch 4871/5000: Time Est.: Elapsed[7.69h], Remain[2.67h]
=================================================================
Epoch 4872: Train (100%)  Score: 9.7286,  Loss: -0.1852
Epoch 4872/5000: Time Est.: Elapsed[7.71h], Remain[2.65h]
=================================================================
Epoch 4873: Train (100%)  Score: 10.1043,  Loss: -0.1874
Epoch 4873/5000: Time Est.: Elapsed[7.73h], Remain[2.63h]
=================================================================
Epoch 4874: Train (100%)  Score: 10.1495,  Loss: -0.1891
Epoch 4874/5000: Time Est.: Elapsed[7.75h], Remain[2.61h]
=================================================================
Epoch 4875: Train (100%)  Score: 10.2964,  Loss: -0.1943
Epoch 4875/5000: Time Est.: Elapsed[7.77h], Remain[2.59h]
=================================================================
Epoch 4876: Train (100%)  Score: 9.9689,  Loss: -0.1905
Epoch 4876/5000: Time Est.: Elapsed[7.78h], Remain[2.57h]
=================================================================
Epoch 4877: Train (100%)  Score: 10.1297,  Loss: -0.1914
Epoch 4877/5000: Time Est.: Elapsed[7.80h], Remain[2.55h]
=================================================================
Epoch 4878: Train (100%)  Score: 9.8563,  Loss: -0.1883
Epoch 4878/5000: Time Est.: Elapsed[7.82h], Remain[2.52h]
=================================================================
Epoch 4879: Train (100%)  Score: 10.0841,  Loss: -0.1880
Epoch 4879/5000: Time Est.: Elapsed[7.84h], Remain[2.50h]
=================================================================
Epoch 4880: Train (100%)  Score: 9.9971,  Loss: -0.1890
Epoch 4880/5000: Time Est.: Elapsed[7.86h], Remain[2.48h]
=================================================================
Epoch 4881: Train (100%)  Score: 9.9445,  Loss: -0.1903
Epoch 4881/5000: Time Est.: Elapsed[7.88h], Remain[2.46h]
=================================================================
Epoch 4882: Train (100%)  Score: 10.2664,  Loss: -0.1895
Epoch 4882/5000: Time Est.: Elapsed[7.90h], Remain[2.44h]
=================================================================
Epoch 4883: Train (100%)  Score: 10.3251,  Loss: -0.1968
Epoch 4883/5000: Time Est.: Elapsed[7.91h], Remain[2.42h]
=================================================================
Epoch 4884: Train (100%)  Score: 9.8695,  Loss: -0.1821
Epoch 4884/5000: Time Est.: Elapsed[7.93h], Remain[2.40h]
=================================================================
Epoch 4885: Train (100%)  Score: 10.0240,  Loss: -0.1860
Epoch 4885/5000: Time Est.: Elapsed[7.95h], Remain[2.38h]
=================================================================
Epoch 4886: Train (100%)  Score: 9.8669,  Loss: -0.1858
Epoch 4886/5000: Time Est.: Elapsed[7.97h], Remain[2.35h]
=================================================================
Epoch 4887: Train (100%)  Score: 9.7257,  Loss: -0.1866
Epoch 4887/5000: Time Est.: Elapsed[7.99h], Remain[2.33h]
=================================================================
Epoch 4888: Train (100%)  Score: 10.1127,  Loss: -0.1844
Epoch 4888/5000: Time Est.: Elapsed[8.01h], Remain[2.31h]
=================================================================
Epoch 4889: Train (100%)  Score: 9.7827,  Loss: -0.1901
Epoch 4889/5000: Time Est.: Elapsed[8.02h], Remain[2.29h]
=================================================================
Epoch 4890: Train (100%)  Score: 9.6835,  Loss: -0.1827
Epoch 4890/5000: Time Est.: Elapsed[8.04h], Remain[2.27h]
=================================================================
Epoch 4891: Train (100%)  Score: 9.7585,  Loss: -0.1925
Epoch 4891/5000: Time Est.: Elapsed[8.06h], Remain[2.25h]
=================================================================
Epoch 4892: Train (100%)  Score: 10.1790,  Loss: -0.1938
Epoch 4892/5000: Time Est.: Elapsed[8.08h], Remain[2.23h]
=================================================================
Epoch 4893: Train (100%)  Score: 10.2200,  Loss: -0.1922
Epoch 4893/5000: Time Est.: Elapsed[8.10h], Remain[2.20h]
=================================================================
Epoch 4894: Train (100%)  Score: 9.9255,  Loss: -0.1889
Epoch 4894/5000: Time Est.: Elapsed[8.12h], Remain[2.18h]
=================================================================
Epoch 4895: Train (100%)  Score: 9.9288,  Loss: -0.1893
Epoch 4895/5000: Time Est.: Elapsed[8.14h], Remain[2.16h]
=================================================================
Epoch 4896: Train (100%)  Score: 9.9268,  Loss: -0.1882
Epoch 4896/5000: Time Est.: Elapsed[8.16h], Remain[2.14h]
=================================================================
Epoch 4897: Train (100%)  Score: 10.1733,  Loss: -0.1884
Epoch 4897/5000: Time Est.: Elapsed[8.17h], Remain[2.12h]
=================================================================
Epoch 4898: Train (100%)  Score: 10.1730,  Loss: -0.1879
Epoch 4898/5000: Time Est.: Elapsed[8.18h], Remain[2.10h]
=================================================================
Epoch 4899: Train (100%)  Score: 9.8035,  Loss: -0.1854
Epoch 4899/5000: Time Est.: Elapsed[8.21h], Remain[2.08h]
=================================================================
Epoch 4900: Train (100%)  Score: 9.9001,  Loss: -0.1883
Epoch 4900/5000: Time Est.: Elapsed[8.23h], Remain[2.06h]
Saving trained_model
=================================================================
Epoch 4901: Train (100%)  Score: 9.9109,  Loss: -0.1881
Epoch 4901/5000: Time Est.: Elapsed[8.25h], Remain[2.04h]
=================================================================
Epoch 4902: Train (100%)  Score: 9.8799,  Loss: -0.1894
Epoch 4902/5000: Time Est.: Elapsed[8.27h], Remain[2.02h]
=================================================================
Epoch 4903: Train (100%)  Score: 9.8884,  Loss: -0.1897
Epoch 4903/5000: Time Est.: Elapsed[8.29h], Remain[1.99h]
=================================================================
Epoch 4904: Train (100%)  Score: 9.9150,  Loss: -0.1921
Epoch 4904/5000: Time Est.: Elapsed[8.30h], Remain[1.97h]
=================================================================
Epoch 4905: Train (100%)  Score: 10.2496,  Loss: -0.1896
Epoch 4905/5000: Time Est.: Elapsed[8.32h], Remain[1.95h]
=================================================================
Epoch 4906: Train (100%)  Score: 10.4356,  Loss: -0.1901
Epoch 4906/5000: Time Est.: Elapsed[8.34h], Remain[1.93h]
=================================================================
Epoch 4907: Train (100%)  Score: 10.2673,  Loss: -0.1915
Epoch 4907/5000: Time Est.: Elapsed[8.36h], Remain[1.91h]
=================================================================
Epoch 4908: Train (100%)  Score: 10.0844,  Loss: -0.1867
Epoch 4908/5000: Time Est.: Elapsed[8.38h], Remain[1.89h]
=================================================================
Epoch 4909: Train (100%)  Score: 10.0514,  Loss: -0.1897
Epoch 4909/5000: Time Est.: Elapsed[8.39h], Remain[1.87h]
=================================================================
Epoch 4910: Train (100%)  Score: 9.6833,  Loss: -0.1888
Epoch 4910/5000: Time Est.: Elapsed[8.42h], Remain[1.85h]
=================================================================
Epoch 4911: Train (100%)  Score: 9.8877,  Loss: -0.1900
Epoch 4911/5000: Time Est.: Elapsed[8.43h], Remain[1.83h]
=================================================================
Epoch 4912: Train (100%)  Score: 9.9524,  Loss: -0.1837
Epoch 4912/5000: Time Est.: Elapsed[8.45h], Remain[1.81h]
=================================================================
Epoch 4913: Train (100%)  Score: 10.0111,  Loss: -0.1944
Epoch 4913/5000: Time Est.: Elapsed[8.47h], Remain[1.78h]
=================================================================
Epoch 4914: Train (100%)  Score: 10.1943,  Loss: -0.1886
Epoch 4914/5000: Time Est.: Elapsed[8.49h], Remain[1.76h]
=================================================================
Epoch 4915: Train (100%)  Score: 9.9918,  Loss: -0.1870
Epoch 4915/5000: Time Est.: Elapsed[8.50h], Remain[1.74h]
=================================================================
Epoch 4916: Train (100%)  Score: 10.0606,  Loss: -0.1870
Epoch 4916/5000: Time Est.: Elapsed[8.53h], Remain[1.72h]
=================================================================
Epoch 4917: Train (100%)  Score: 10.1866,  Loss: -0.1882
Epoch 4917/5000: Time Est.: Elapsed[8.55h], Remain[1.70h]
=================================================================
Epoch 4918: Train (100%)  Score: 10.0457,  Loss: -0.1876
Epoch 4918/5000: Time Est.: Elapsed[8.56h], Remain[1.68h]
=================================================================
Epoch 4919: Train (100%)  Score: 9.6890,  Loss: -0.1827
Epoch 4919/5000: Time Est.: Elapsed[8.59h], Remain[1.66h]
=================================================================
Epoch 4920: Train (100%)  Score: 9.9952,  Loss: -0.1857
Epoch 4920/5000: Time Est.: Elapsed[8.61h], Remain[1.64h]
=================================================================
Epoch 4921: Train (100%)  Score: 10.2560,  Loss: -0.1908
Epoch 4921/5000: Time Est.: Elapsed[8.62h], Remain[1.62h]
=================================================================
Epoch 4922: Train (100%)  Score: 9.8570,  Loss: -0.1900
Epoch 4922/5000: Time Est.: Elapsed[8.64h], Remain[1.60h]
=================================================================
Epoch 4923: Train (100%)  Score: 9.7713,  Loss: -0.1926
Epoch 4923/5000: Time Est.: Elapsed[8.66h], Remain[1.58h]
=================================================================
Epoch 4924: Train (100%)  Score: 10.2082,  Loss: -0.1917
Epoch 4924/5000: Time Est.: Elapsed[8.68h], Remain[1.56h]
=================================================================
Epoch 4925: Train (100%)  Score: 10.0645,  Loss: -0.1875
Epoch 4925/5000: Time Est.: Elapsed[8.70h], Remain[1.54h]
=================================================================
Epoch 4926: Train (100%)  Score: 10.0445,  Loss: -0.1892
Epoch 4926/5000: Time Est.: Elapsed[8.72h], Remain[1.51h]
=================================================================
Epoch 4927: Train (100%)  Score: 9.6796,  Loss: -0.1857
Epoch 4927/5000: Time Est.: Elapsed[8.74h], Remain[1.49h]
=================================================================
Epoch 4928: Train (100%)  Score: 10.4778,  Loss: -0.1940
Epoch 4928/5000: Time Est.: Elapsed[8.75h], Remain[1.47h]
=================================================================
Epoch 4929: Train (100%)  Score: 9.8760,  Loss: -0.1869
Epoch 4929/5000: Time Est.: Elapsed[8.77h], Remain[1.45h]
=================================================================
Epoch 4930: Train (100%)  Score: 9.9289,  Loss: -0.1850
Epoch 4930/5000: Time Est.: Elapsed[8.79h], Remain[1.43h]
=================================================================
>> Invalid instances, Re-generating ...
Epoch 4931: Train (100%)  Score: 10.0756,  Loss: -0.1893
Epoch 4931/5000: Time Est.: Elapsed[8.81h], Remain[1.41h]
=================================================================
Epoch 4932: Train (100%)  Score: 9.8152,  Loss: -0.1920
Epoch 4932/5000: Time Est.: Elapsed[8.83h], Remain[1.39h]
=================================================================
Epoch 4933: Train (100%)  Score: 9.9736,  Loss: -0.1875
Epoch 4933/5000: Time Est.: Elapsed[8.85h], Remain[1.37h]
=================================================================
Epoch 4934: Train (100%)  Score: 10.1304,  Loss: -0.1908
Epoch 4934/5000: Time Est.: Elapsed[8.87h], Remain[1.35h]
=================================================================
Epoch 4935: Train (100%)  Score: 9.9636,  Loss: -0.1863
Epoch 4935/5000: Time Est.: Elapsed[8.88h], Remain[1.33h]
=================================================================
Epoch 4936: Train (100%)  Score: 10.0953,  Loss: -0.1865
Epoch 4936/5000: Time Est.: Elapsed[8.90h], Remain[1.31h]
=================================================================
Epoch 4937: Train (100%)  Score: 9.9265,  Loss: -0.1849
Epoch 4937/5000: Time Est.: Elapsed[8.92h], Remain[1.29h]
=================================================================
Epoch 4938: Train (100%)  Score: 9.8265,  Loss: -0.1818
Epoch 4938/5000: Time Est.: Elapsed[8.94h], Remain[1.27h]
=================================================================
Epoch 4939: Train (100%)  Score: 9.8232,  Loss: -0.1914
Epoch 4939/5000: Time Est.: Elapsed[8.96h], Remain[1.24h]
=================================================================
Epoch 4940: Train (100%)  Score: 10.6187,  Loss: -0.1943
Epoch 4940/5000: Time Est.: Elapsed[8.98h], Remain[1.22h]
=================================================================
Epoch 4941: Train (100%)  Score: 9.9960,  Loss: -0.1878
Epoch 4941/5000: Time Est.: Elapsed[9.00h], Remain[1.20h]
=================================================================
Epoch 4942: Train (100%)  Score: 9.8729,  Loss: -0.1867
Epoch 4942/5000: Time Est.: Elapsed[9.01h], Remain[1.18h]
=================================================================
Epoch 4943: Train (100%)  Score: 10.2207,  Loss: -0.1917
Epoch 4943/5000: Time Est.: Elapsed[9.03h], Remain[1.16h]
=================================================================
Epoch 4944: Train (100%)  Score: 9.8957,  Loss: -0.1889
Epoch 4944/5000: Time Est.: Elapsed[9.05h], Remain[1.14h]
=================================================================
Epoch 4945: Train (100%)  Score: 9.9026,  Loss: -0.1898
Epoch 4945/5000: Time Est.: Elapsed[9.07h], Remain[1.12h]
=================================================================
Epoch 4946: Train (100%)  Score: 10.0389,  Loss: -0.1869
Epoch 4946/5000: Time Est.: Elapsed[9.09h], Remain[1.10h]
=================================================================
Epoch 4947: Train (100%)  Score: 9.9399,  Loss: -0.1960
Epoch 4947/5000: Time Est.: Elapsed[9.11h], Remain[1.08h]
=================================================================
Epoch 4948: Train (100%)  Score: 10.2738,  Loss: -0.1878
Epoch 4948/5000: Time Est.: Elapsed[9.12h], Remain[1.06h]
=================================================================
Epoch 4949: Train (100%)  Score: 10.3553,  Loss: -0.1927
Epoch 4949/5000: Time Est.: Elapsed[9.15h], Remain[1.04h]
=================================================================
Epoch 4950: Train (100%)  Score: 10.0304,  Loss: -0.1872
Epoch 4950/5000: Time Est.: Elapsed[9.16h], Remain[1.02h]
=================================================================
Epoch 4951: Train (100%)  Score: 10.0721,  Loss: -0.1886
Epoch 4951/5000: Time Est.: Elapsed[9.18h], Remain[59.85m]
=================================================================
Epoch 4952: Train (100%)  Score: 10.2487,  Loss: -0.1925
Epoch 4952/5000: Time Est.: Elapsed[9.20h], Remain[58.62m]
=================================================================
Epoch 4953: Train (100%)  Score: 10.1478,  Loss: -0.1886
Epoch 4953/5000: Time Est.: Elapsed[9.22h], Remain[57.39m]
=================================================================
Epoch 4954: Train (100%)  Score: 10.3262,  Loss: -0.1914
Epoch 4954/5000: Time Est.: Elapsed[9.24h], Remain[56.16m]
=================================================================
Epoch 4955: Train (100%)  Score: 10.0139,  Loss: -0.1909
Epoch 4955/5000: Time Est.: Elapsed[9.26h], Remain[54.93m]
=================================================================
Epoch 4956: Train (100%)  Score: 10.0056,  Loss: -0.1900
Epoch 4956/5000: Time Est.: Elapsed[9.27h], Remain[53.70m]
=================================================================
Epoch 4957: Train (100%)  Score: 9.9632,  Loss: -0.1869
Epoch 4957/5000: Time Est.: Elapsed[9.29h], Remain[52.47m]
=================================================================
Epoch 4958: Train (100%)  Score: 10.2686,  Loss: -0.1815
Epoch 4958/5000: Time Est.: Elapsed[9.31h], Remain[51.24m]
=================================================================
Epoch 4959: Train (100%)  Score: 9.9941,  Loss: -0.1879
Epoch 4959/5000: Time Est.: Elapsed[9.33h], Remain[50.00m]
=================================================================
Epoch 4960: Train (100%)  Score: 10.0850,  Loss: -0.1862
Epoch 4960/5000: Time Est.: Elapsed[9.35h], Remain[48.78m]
=================================================================
Epoch 4961: Train (100%)  Score: 10.1741,  Loss: -0.1949
Epoch 4961/5000: Time Est.: Elapsed[9.37h], Remain[47.55m]
=================================================================
Epoch 4962: Train (100%)  Score: 9.6592,  Loss: -0.1917
Epoch 4962/5000: Time Est.: Elapsed[9.39h], Remain[46.32m]
=================================================================
Epoch 4963: Train (100%)  Score: 9.9894,  Loss: -0.1888
Epoch 4963/5000: Time Est.: Elapsed[9.40h], Remain[45.09m]
=================================================================
Epoch 4964: Train (100%)  Score: 10.0505,  Loss: -0.1905
Epoch 4964/5000: Time Est.: Elapsed[9.42h], Remain[43.86m]
=================================================================
Epoch 4965: Train (100%)  Score: 10.3282,  Loss: -0.1871
Epoch 4965/5000: Time Est.: Elapsed[9.44h], Remain[42.64m]
=================================================================
Epoch 4966: Train (100%)  Score: 10.0061,  Loss: -0.1901
Epoch 4966/5000: Time Est.: Elapsed[9.46h], Remain[41.41m]
=================================================================
Epoch 4967: Train (100%)  Score: 10.1554,  Loss: -0.1917
Epoch 4967/5000: Time Est.: Elapsed[9.48h], Remain[40.19m]
=================================================================
Epoch 4968: Train (100%)  Score: 10.2939,  Loss: -0.1919
Epoch 4968/5000: Time Est.: Elapsed[9.50h], Remain[38.96m]
=================================================================
Epoch 4969: Train (100%)  Score: 10.0999,  Loss: -0.1912
Epoch 4969/5000: Time Est.: Elapsed[9.52h], Remain[37.74m]
=================================================================
Epoch 4970: Train (100%)  Score: 10.8643,  Loss: -0.1930
Epoch 4970/5000: Time Est.: Elapsed[9.54h], Remain[36.52m]
=================================================================
Epoch 4971: Train (100%)  Score: 10.5085,  Loss: -0.1923
Epoch 4971/5000: Time Est.: Elapsed[9.55h], Remain[35.29m]
=================================================================
Epoch 4972: Train (100%)  Score: 10.0514,  Loss: -0.1834
Epoch 4972/5000: Time Est.: Elapsed[9.57h], Remain[34.07m]
=================================================================
Epoch 4973: Train (100%)  Score: 10.1136,  Loss: -0.1846
Epoch 4973/5000: Time Est.: Elapsed[9.59h], Remain[32.85m]
=================================================================
Epoch 4974: Train (100%)  Score: 9.9823,  Loss: -0.1857
Epoch 4974/5000: Time Est.: Elapsed[9.61h], Remain[31.62m]
=================================================================
Epoch 4975: Train (100%)  Score: 10.1207,  Loss: -0.1873
Epoch 4975/5000: Time Est.: Elapsed[9.63h], Remain[30.40m]
=================================================================
Epoch 4976: Train (100%)  Score: 10.1545,  Loss: -0.1906
Epoch 4976/5000: Time Est.: Elapsed[9.65h], Remain[29.18m]
=================================================================
Epoch 4977: Train (100%)  Score: 9.9614,  Loss: -0.1948
Epoch 4977/5000: Time Est.: Elapsed[9.67h], Remain[27.96m]
=================================================================
Epoch 4978: Train (100%)  Score: 9.6915,  Loss: -0.1862
Epoch 4978/5000: Time Est.: Elapsed[9.68h], Remain[26.74m]
=================================================================
Epoch 4979: Train (100%)  Score: 9.9754,  Loss: -0.1884
Epoch 4979/5000: Time Est.: Elapsed[9.70h], Remain[25.52m]
=================================================================
Epoch 4980: Train (100%)  Score: 10.2451,  Loss: -0.1863
Epoch 4980/5000: Time Est.: Elapsed[9.72h], Remain[24.30m]
=================================================================
Epoch 4981: Train (100%)  Score: 10.5193,  Loss: -0.1926
Epoch 4981/5000: Time Est.: Elapsed[9.74h], Remain[23.08m]
=================================================================
Epoch 4982: Train (100%)  Score: 9.6206,  Loss: -0.1856
Epoch 4982/5000: Time Est.: Elapsed[9.76h], Remain[21.86m]
=================================================================
Epoch 4983: Train (100%)  Score: 9.9947,  Loss: -0.1866
Epoch 4983/5000: Time Est.: Elapsed[9.78h], Remain[20.65m]
=================================================================
Epoch 4984: Train (100%)  Score: 9.7597,  Loss: -0.1873
Epoch 4984/5000: Time Est.: Elapsed[9.80h], Remain[19.43m]
=================================================================
Epoch 4985: Train (100%)  Score: 10.1374,  Loss: -0.1895
Epoch 4985/5000: Time Est.: Elapsed[9.82h], Remain[18.21m]
=================================================================
Epoch 4986: Train (100%)  Score: 10.1769,  Loss: -0.1882
Epoch 4986/5000: Time Est.: Elapsed[9.83h], Remain[17.00m]
=================================================================
Epoch 4987: Train (100%)  Score: 10.1284,  Loss: -0.1923
Epoch 4987/5000: Time Est.: Elapsed[9.85h], Remain[15.78m]
=================================================================
Epoch 4988: Train (100%)  Score: 9.9288,  Loss: -0.1868
Epoch 4988/5000: Time Est.: Elapsed[9.87h], Remain[14.56m]
=================================================================
Epoch 4989: Train (100%)  Score: 10.0068,  Loss: -0.1851
Epoch 4989/5000: Time Est.: Elapsed[9.89h], Remain[13.35m]
=================================================================
Epoch 4990: Train (100%)  Score: 10.2561,  Loss: -0.1930
Epoch 4990/5000: Time Est.: Elapsed[9.91h], Remain[12.13m]
=================================================================
Epoch 4991: Train (100%)  Score: 9.8778,  Loss: -0.1865
Epoch 4991/5000: Time Est.: Elapsed[9.93h], Remain[10.92m]
=================================================================
Epoch 4992: Train (100%)  Score: 10.0441,  Loss: -0.1858
Epoch 4992/5000: Time Est.: Elapsed[9.95h], Remain[9.70m]
=================================================================
Epoch 4993: Train (100%)  Score: 10.1499,  Loss: -0.1892
Epoch 4993/5000: Time Est.: Elapsed[9.97h], Remain[8.49m]
=================================================================
Epoch 4994: Train (100%)  Score: 10.1559,  Loss: -0.1903
Epoch 4994/5000: Time Est.: Elapsed[9.99h], Remain[7.28m]
=================================================================
Epoch 4995: Train (100%)  Score: 9.9137,  Loss: -0.1906
Epoch 4995/5000: Time Est.: Elapsed[10.00h], Remain[6.06m]
=================================================================
Epoch 4996: Train (100%)  Score: 10.2806,  Loss: -0.1943
Epoch 4996/5000: Time Est.: Elapsed[10.02h], Remain[4.85m]
=================================================================
Epoch 4997: Train (100%)  Score: 10.1846,  Loss: -0.1917
Epoch 4997/5000: Time Est.: Elapsed[10.04h], Remain[3.64m]
=================================================================
Epoch 4998: Train (100%)  Score: 10.3193,  Loss: -0.1895
Epoch 4998/5000: Time Est.: Elapsed[10.06h], Remain[2.42m]
=================================================================
Epoch 4999: Train (100%)  Score: 10.1308,  Loss: -0.1888
Epoch 4999/5000: Time Est.: Elapsed[10.08h], Remain[1.21m]
=================================================================
Epoch 5000: Train (100%)  Score: 9.9247,  Loss: -0.1875
Epoch 5000/5000: Time Est.: Elapsed[10.10h], Remain[0.00m]
Saving trained_model

================================================================================
>> Finish Train_ALL Training using SlotDiffMOEModel Model ...
================================================================================
