nohup: ignoring input
/root/miniconda3/envs/drp/lib/python3.10/site-packages/torch/__init__.py:1264: UserWarning: torch.set_default_tensor_type() is deprecated as of PyTorch 2.1, please use torch.set_default_dtype() and torch.set_default_device() as alternatives. (Triggered internally at /pytorch/torch/csrc/tensor/python_tensor.cpp:434.)
  _C._set_default_tensor_type(t)
================================================================================
CONFIGURATION:
================================================================================
{'checkpoint': 'results/20251128_124803/epoch-600.pt',
 'decoder_layer_num': 1,
 'denoiser_heads': 4,
 'denoiser_layers': 2,
 'embedding_dim': 128,
 'enable_slot_diffusion': True,
 'enable_slot_reconstruction': False,
 'encoder_layer_num': 6,
 'epochs': 1000,
 'eval_type': 'argmax',
 'expert_loc': ['Enc0', 'Enc1', 'Enc2', 'Enc3', 'Enc4', 'Enc5', 'Dec'],
 'ff_hidden_dim': 512,
 'gamma': 0.1,
 'gpu_id': 0,
 'head_num': 8,
 'lambda_contrastive': 0.01,
 'lambda_diffusion': 0.1,
 'lambda_recon': 0.0,
 'log_dir': './results',
 'logit_clipping': 10,
 'lr': 0.0001,
 'max_timesteps': 1000,
 'milestones': [4501],
 'model_save_interval': 100,
 'model_type': 'SlotDiffModel',
 'no_cuda': False,
 'norm': 'instance',
 'norm_loc': 'norm_last',
 'num_experts': 4,
 'occ_gpu': 0.0,
 'pomo_size': 50,
 'problem': 'Train_ALL',
 'problem_size': 50,
 'qkv_dim': 16,
 'routing_level': 'node',
 'routing_method': 'input_choice',
 'seed': 2023,
 'slot_iter_num': 3,
 'slot_num': 4,
 'sqrt_embedding_dim': 11.313708498984761,
 'topk': 2,
 'train_batch_size': 128,
 'train_episodes': 20000,
 'validation_interval': 5000,
 'weight_decay': 1e-06}
================================================================================

>> DUAL-TASK MODE ENABLED:
   - Nhánh 1 (Policy): VRP Solver
   - Nhánh 2 (Representation): Slot Diffusion
   - Diffusion Timesteps: 1000
   - Denoiser: 2 layers, 4 heads
   - Loss Weights: λ_diffusion=0.1, λ_contrastive=0.01

>> Log Path: ./results/20251128_231245
>> No occupation needed
>> USE_CUDA: True, CUDA_DEVICE_NUM: 0

================================================================================
>> Start Train_ALL Training using SlotDiffModel Model ...
================================================================================

============================================================
LOSS CONFIGURATION:
  - RL Loss: 1.0 (base)
  - Diffusion Loss: 0.1
  - Reconstruction Loss: 0.0
  - Contrastive Loss: 0.01
============================================================
There are 2165386 (2.17 million) parameters in this neural network
>> Checkpoint (Epoch: 600) Loaded!
=================================================================
Epoch 601: Train (100%)  Score: 10.2079,  Loss: -0.3390
Epoch 601/1000: Time Est.: Elapsed[0.54m], Remain[3.59h]
=================================================================
Epoch 602: Train (100%)  Score: 10.5608,  Loss: -0.3399
Epoch 602/1000: Time Est.: Elapsed[1.06m], Remain[3.51h]
=================================================================
Epoch 603: Train (100%)  Score: 10.1878,  Loss: -0.3388
Epoch 603/1000: Time Est.: Elapsed[1.57m], Remain[3.46h]
=================================================================
Epoch 604: Train (100%)  Score: 10.3623,  Loss: -0.3312
Epoch 604/1000: Time Est.: Elapsed[2.07m], Remain[3.41h]
=================================================================
Epoch 605: Train (100%)  Score: 10.5200,  Loss: -0.3385
Epoch 605/1000: Time Est.: Elapsed[2.57m], Remain[3.38h]
=================================================================
Epoch 606: Train (100%)  Score: 10.1115,  Loss: -0.3297
Epoch 606/1000: Time Est.: Elapsed[3.05m], Remain[3.34h]
=================================================================
Epoch 607: Train (100%)  Score: 10.4462,  Loss: -0.3371
Epoch 607/1000: Time Est.: Elapsed[3.55m], Remain[3.32h]
=================================================================
Epoch 608: Train (100%)  Score: 10.5298,  Loss: -0.3369
Epoch 608/1000: Time Est.: Elapsed[4.04m], Remain[3.30h]
=================================================================
Epoch 609: Train (100%)  Score: 10.4118,  Loss: -0.3434
Epoch 609/1000: Time Est.: Elapsed[4.54m], Remain[3.29h]
=================================================================
Epoch 610: Train (100%)  Score: 10.2370,  Loss: -0.3275
Epoch 610/1000: Time Est.: Elapsed[5.03m], Remain[3.27h]
=================================================================
Epoch 611: Train (100%)  Score: 10.6569,  Loss: -0.3349
Epoch 611/1000: Time Est.: Elapsed[5.51m], Remain[3.25h]
=================================================================
Epoch 612: Train (100%)  Score: 10.4549,  Loss: -0.3346
Epoch 612/1000: Time Est.: Elapsed[6.01m], Remain[3.24h]
=================================================================
Epoch 613: Train (100%)  Score: 10.4232,  Loss: -0.3354
Epoch 613/1000: Time Est.: Elapsed[6.50m], Remain[3.23h]
=================================================================
Epoch 614: Train (100%)  Score: 10.3899,  Loss: -0.3258
Epoch 614/1000: Time Est.: Elapsed[6.99m], Remain[3.21h]
=================================================================
Epoch 615: Train (100%)  Score: 10.5012,  Loss: -0.3349
Epoch 615/1000: Time Est.: Elapsed[7.49m], Remain[3.20h]
=================================================================
Epoch 616: Train (100%)  Score: 10.2533,  Loss: -0.3382
Epoch 616/1000: Time Est.: Elapsed[7.99m], Remain[3.20h]
=================================================================
Epoch 617: Train (100%)  Score: 10.0401,  Loss: -0.3363
Epoch 617/1000: Time Est.: Elapsed[8.46m], Remain[3.18h]
=================================================================
Epoch 618: Train (100%)  Score: 10.6904,  Loss: -0.3343
Epoch 618/1000: Time Est.: Elapsed[8.98m], Remain[3.18h]
=================================================================
Epoch 619: Train (100%)  Score: 10.1559,  Loss: -0.3258
Epoch 619/1000: Time Est.: Elapsed[9.47m], Remain[3.17h]
=================================================================
Epoch 620: Train (100%)  Score: 9.9078,  Loss: -0.3266
Epoch 620/1000: Time Est.: Elapsed[9.96m], Remain[3.16h]
=================================================================
Epoch 621: Train (100%)  Score: 10.1666,  Loss: -0.3265
Epoch 621/1000: Time Est.: Elapsed[10.45m], Remain[3.14h]
=================================================================
Epoch 622: Train (100%)  Score: 10.3328,  Loss: -0.3302
Epoch 622/1000: Time Est.: Elapsed[10.95m], Remain[3.14h]
=================================================================
Epoch 623: Train (100%)  Score: 10.3907,  Loss: -0.3311
Epoch 623/1000: Time Est.: Elapsed[11.45m], Remain[3.13h]
=================================================================
Epoch 624: Train (100%)  Score: 9.8982,  Loss: -0.3280
Epoch 624/1000: Time Est.: Elapsed[11.94m], Remain[3.12h]
=================================================================
Epoch 625: Train (100%)  Score: 10.6070,  Loss: -0.3312
Epoch 625/1000: Time Est.: Elapsed[12.44m], Remain[3.11h]
=================================================================
Epoch 626: Train (100%)  Score: 10.1822,  Loss: -0.3309
Epoch 626/1000: Time Est.: Elapsed[12.92m], Remain[3.10h]
=================================================================
Epoch 627: Train (100%)  Score: 10.3080,  Loss: -0.3273
Epoch 627/1000: Time Est.: Elapsed[13.41m], Remain[3.09h]
=================================================================
Epoch 628: Train (100%)  Score: 10.0616,  Loss: -0.3216
Epoch 628/1000: Time Est.: Elapsed[13.91m], Remain[3.08h]
=================================================================
Epoch 629: Train (100%)  Score: 10.0481,  Loss: -0.3299
Epoch 629/1000: Time Est.: Elapsed[14.40m], Remain[3.07h]
=================================================================
Epoch 630: Train (100%)  Score: 10.2883,  Loss: -0.3342
Epoch 630/1000: Time Est.: Elapsed[14.89m], Remain[3.06h]
=================================================================
Epoch 631: Train (100%)  Score: 10.5333,  Loss: -0.3329
Epoch 631/1000: Time Est.: Elapsed[15.39m], Remain[3.05h]
=================================================================
Epoch 632: Train (100%)  Score: 10.6012,  Loss: -0.3323
Epoch 632/1000: Time Est.: Elapsed[15.88m], Remain[3.04h]
=================================================================
Epoch 633: Train (100%)  Score: 10.5103,  Loss: -0.3352
Epoch 633/1000: Time Est.: Elapsed[16.37m], Remain[3.04h]
=================================================================
Epoch 634: Train (100%)  Score: 9.8842,  Loss: -0.3243
Epoch 634/1000: Time Est.: Elapsed[16.86m], Remain[3.02h]
=================================================================
Epoch 635: Train (100%)  Score: 9.9717,  Loss: -0.3211
Epoch 635/1000: Time Est.: Elapsed[17.33m], Remain[3.01h]
=================================================================
Epoch 636: Train (100%)  Score: 9.9935,  Loss: -0.3276
Epoch 636/1000: Time Est.: Elapsed[17.83m], Remain[3.00h]
=================================================================
Epoch 637: Train (100%)  Score: 10.1743,  Loss: -0.3292
Epoch 637/1000: Time Est.: Elapsed[18.33m], Remain[3.00h]
=================================================================
Epoch 638: Train (100%)  Score: 10.1135,  Loss: -0.3221
Epoch 638/1000: Time Est.: Elapsed[18.82m], Remain[2.99h]
=================================================================
Epoch 639: Train (100%)  Score: 10.5000,  Loss: -0.3299
Epoch 639/1000: Time Est.: Elapsed[19.31m], Remain[2.98h]
=================================================================
Epoch 640: Train (100%)  Score: 10.5219,  Loss: -0.3271
Epoch 640/1000: Time Est.: Elapsed[19.81m], Remain[2.97h]
=================================================================
Epoch 641: Train (100%)  Score: 10.2119,  Loss: -0.3314
Epoch 641/1000: Time Est.: Elapsed[20.31m], Remain[2.96h]
=================================================================
Epoch 642: Train (100%)  Score: 10.4971,  Loss: -0.3344
Epoch 642/1000: Time Est.: Elapsed[20.81m], Remain[2.96h]
=================================================================
Epoch 643: Train (100%)  Score: 10.1703,  Loss: -0.3306
Epoch 643/1000: Time Est.: Elapsed[21.30m], Remain[2.95h]
=================================================================
Epoch 644: Train (100%)  Score: 10.2375,  Loss: -0.3264
Epoch 644/1000: Time Est.: Elapsed[21.80m], Remain[2.94h]
=================================================================
Epoch 645: Train (100%)  Score: 10.1866,  Loss: -0.3308
Epoch 645/1000: Time Est.: Elapsed[22.29m], Remain[2.93h]
=================================================================
Epoch 646: Train (100%)  Score: 10.0961,  Loss: -0.3254
Epoch 646/1000: Time Est.: Elapsed[22.78m], Remain[2.92h]
=================================================================
Epoch 647: Train (100%)  Score: 10.4770,  Loss: -0.3284
Epoch 647/1000: Time Est.: Elapsed[23.27m], Remain[2.91h]
=================================================================
Epoch 648: Train (100%)  Score: 10.5495,  Loss: -0.3303
Epoch 648/1000: Time Est.: Elapsed[23.77m], Remain[2.91h]
=================================================================
Epoch 649: Train (100%)  Score: 10.0631,  Loss: -0.3286
Epoch 649/1000: Time Est.: Elapsed[24.27m], Remain[2.90h]
=================================================================
Epoch 650: Train (100%)  Score: 9.9716,  Loss: -0.3220
Epoch 650/1000: Time Est.: Elapsed[24.76m], Remain[2.89h]
=================================================================
Epoch 651: Train (100%)  Score: 10.2595,  Loss: -0.3327
Epoch 651/1000: Time Est.: Elapsed[25.25m], Remain[2.88h]
=================================================================
Epoch 652: Train (100%)  Score: 10.0649,  Loss: -0.3205
Epoch 652/1000: Time Est.: Elapsed[25.75m], Remain[2.87h]
=================================================================
Epoch 653: Train (100%)  Score: 10.1852,  Loss: -0.3337
Epoch 653/1000: Time Est.: Elapsed[26.24m], Remain[2.86h]
=================================================================
Epoch 654: Train (100%)  Score: 10.5723,  Loss: -0.3389
Epoch 654/1000: Time Est.: Elapsed[26.74m], Remain[2.86h]
=================================================================
Epoch 655: Train (100%)  Score: 10.2627,  Loss: -0.3276
Epoch 655/1000: Time Est.: Elapsed[27.23m], Remain[2.85h]
=================================================================
Epoch 656: Train (100%)  Score: 10.1417,  Loss: -0.3268
Epoch 656/1000: Time Est.: Elapsed[27.72m], Remain[2.84h]
=================================================================
Epoch 657: Train (100%)  Score: 10.3952,  Loss: -0.3302
Epoch 657/1000: Time Est.: Elapsed[28.21m], Remain[2.83h]
=================================================================
Epoch 658: Train (100%)  Score: 10.1391,  Loss: -0.3263
Epoch 658/1000: Time Est.: Elapsed[28.71m], Remain[2.82h]
=================================================================
Epoch 659: Train (100%)  Score: 10.0768,  Loss: -0.3200
Epoch 659/1000: Time Est.: Elapsed[29.15m], Remain[2.81h]
=================================================================
Epoch 660: Train (100%)  Score: 10.0494,  Loss: -0.3177
Epoch 660/1000: Time Est.: Elapsed[29.67m], Remain[2.80h]
=================================================================
Epoch 661: Train (100%)  Score: 9.8828,  Loss: -0.3207
Epoch 661/1000: Time Est.: Elapsed[30.17m], Remain[2.79h]
=================================================================
Epoch 662: Train (100%)  Score: 10.1929,  Loss: -0.3187
Epoch 662/1000: Time Est.: Elapsed[30.66m], Remain[2.79h]
=================================================================
Epoch 663: Train (100%)  Score: 10.2420,  Loss: -0.3267
Epoch 663/1000: Time Est.: Elapsed[31.15m], Remain[2.78h]
=================================================================
Epoch 664: Train (100%)  Score: 10.1929,  Loss: -0.3329
Epoch 664/1000: Time Est.: Elapsed[31.65m], Remain[2.77h]
=================================================================
Epoch 665: Train (100%)  Score: 10.4509,  Loss: -0.3262
Epoch 665/1000: Time Est.: Elapsed[32.14m], Remain[2.76h]
=================================================================
Epoch 666: Train (100%)  Score: 10.1026,  Loss: -0.3303
Epoch 666/1000: Time Est.: Elapsed[32.64m], Remain[2.75h]
=================================================================
Epoch 667: Train (100%)  Score: 10.2873,  Loss: -0.3260
Epoch 667/1000: Time Est.: Elapsed[33.10m], Remain[2.74h]
=================================================================
Epoch 668: Train (100%)  Score: 9.9774,  Loss: -0.3224
Epoch 668/1000: Time Est.: Elapsed[33.62m], Remain[2.74h]
=================================================================
Epoch 669: Train (100%)  Score: 10.4377,  Loss: -0.3320
Epoch 669/1000: Time Est.: Elapsed[34.12m], Remain[2.73h]
=================================================================
Epoch 670: Train (100%)  Score: 10.1534,  Loss: -0.3222
Epoch 670/1000: Time Est.: Elapsed[34.61m], Remain[2.72h]
=================================================================
Epoch 671: Train (100%)  Score: 10.0375,  Loss: -0.3153
Epoch 671/1000: Time Est.: Elapsed[35.10m], Remain[2.71h]
=================================================================
Epoch 672: Train (100%)  Score: 10.1138,  Loss: -0.3144
Epoch 672/1000: Time Est.: Elapsed[35.60m], Remain[2.70h]
=================================================================
Epoch 673: Train (100%)  Score: 10.4635,  Loss: -0.3267
Epoch 673/1000: Time Est.: Elapsed[36.09m], Remain[2.69h]
=================================================================
Epoch 674: Train (100%)  Score: 10.1997,  Loss: -0.3311
Epoch 674/1000: Time Est.: Elapsed[36.59m], Remain[2.69h]
=================================================================
Epoch 675: Train (100%)  Score: 10.2785,  Loss: -0.3284
Epoch 675/1000: Time Est.: Elapsed[37.08m], Remain[2.68h]
=================================================================
Epoch 676: Train (100%)  Score: 10.5651,  Loss: -0.3249
Epoch 676/1000: Time Est.: Elapsed[37.58m], Remain[2.67h]
=================================================================
Epoch 677: Train (100%)  Score: 10.1313,  Loss: -0.3271
Epoch 677/1000: Time Est.: Elapsed[38.08m], Remain[2.66h]
=================================================================
Epoch 678: Train (100%)  Score: 9.6953,  Loss: -0.3212
Epoch 678/1000: Time Est.: Elapsed[37.97m], Remain[2.61h]
=================================================================
Epoch 679: Train (100%)  Score: 10.6299,  Loss: -0.3322
Epoch 679/1000: Time Est.: Elapsed[39.06m], Remain[2.64h]
=================================================================
Epoch 680: Train (100%)  Score: 10.9310,  Loss: -0.3385
Epoch 680/1000: Time Est.: Elapsed[39.55m], Remain[2.64h]
=================================================================
Epoch 681: Train (100%)  Score: 10.0810,  Loss: -0.3208
Epoch 681/1000: Time Est.: Elapsed[40.04m], Remain[2.63h]
=================================================================
Epoch 682: Train (100%)  Score: 10.3045,  Loss: -0.3221
Epoch 682/1000: Time Est.: Elapsed[40.54m], Remain[2.62h]
=================================================================
Epoch 683: Train (100%)  Score: 10.1609,  Loss: -0.3269
Epoch 683/1000: Time Est.: Elapsed[41.04m], Remain[2.61h]
=================================================================
Epoch 684: Train (100%)  Score: 10.3051,  Loss: -0.3231
Epoch 684/1000: Time Est.: Elapsed[41.53m], Remain[2.60h]
=================================================================
Epoch 685: Train (100%)  Score: 10.5074,  Loss: -0.3256
Epoch 685/1000: Time Est.: Elapsed[42.00m], Remain[2.59h]
=================================================================
Epoch 686: Train (100%)  Score: 10.1530,  Loss: -0.3296
Epoch 686/1000: Time Est.: Elapsed[42.52m], Remain[2.59h]
=================================================================
Epoch 687: Train (100%)  Score: 10.3811,  Loss: -0.3245
Epoch 687/1000: Time Est.: Elapsed[43.02m], Remain[2.58h]
=================================================================
Epoch 688: Train (100%)  Score: 10.1733,  Loss: -0.3206
Epoch 688/1000: Time Est.: Elapsed[43.51m], Remain[2.57h]
=================================================================
Epoch 689: Train (100%)  Score: 10.3975,  Loss: -0.3305
Epoch 689/1000: Time Est.: Elapsed[44.00m], Remain[2.56h]
=================================================================
Epoch 690: Train (100%)  Score: 10.2126,  Loss: -0.3260
Epoch 690/1000: Time Est.: Elapsed[44.50m], Remain[2.55h]
=================================================================
Epoch 691: Train (100%)  Score: 10.3385,  Loss: -0.3257
Epoch 691/1000: Time Est.: Elapsed[44.99m], Remain[2.55h]
=================================================================
Epoch 692: Train (100%)  Score: 10.0472,  Loss: -0.3248
Epoch 692/1000: Time Est.: Elapsed[45.48m], Remain[2.54h]
=================================================================
Epoch 693: Train (100%)  Score: 10.2346,  Loss: -0.3403
Epoch 693/1000: Time Est.: Elapsed[45.96m], Remain[2.53h]
=================================================================
Epoch 694: Train (100%)  Score: 10.2593,  Loss: -0.3321
Epoch 694/1000: Time Est.: Elapsed[46.48m], Remain[2.52h]
=================================================================
Epoch 695: Train (100%)  Score: 10.0104,  Loss: -0.3288
Epoch 695/1000: Time Est.: Elapsed[46.97m], Remain[2.51h]
=================================================================
Epoch 696: Train (100%)  Score: 10.2435,  Loss: -0.3201
Epoch 696/1000: Time Est.: Elapsed[47.46m], Remain[2.50h]
=================================================================
Epoch 697: Train (100%)  Score: 10.0912,  Loss: -0.3250
Epoch 697/1000: Time Est.: Elapsed[47.95m], Remain[2.50h]
=================================================================
Epoch 698: Train (100%)  Score: 10.2712,  Loss: -0.3211
Epoch 698/1000: Time Est.: Elapsed[48.45m], Remain[2.49h]
=================================================================
Epoch 699: Train (100%)  Score: 10.6314,  Loss: -0.3291
Epoch 699/1000: Time Est.: Elapsed[48.95m], Remain[2.48h]
=================================================================
Epoch 700: Train (100%)  Score: 10.4948,  Loss: -0.3337
Epoch 700/1000: Time Est.: Elapsed[49.44m], Remain[2.47h]
Saving trained_model
=================================================================
Epoch 701: Train (100%)  Score: 10.4184,  Loss: -0.3323
Epoch 701/1000: Time Est.: Elapsed[49.96m], Remain[2.47h]
=================================================================
Epoch 702: Train (100%)  Score: 10.1389,  Loss: -0.3239
Epoch 702/1000: Time Est.: Elapsed[50.51m], Remain[2.46h]
=================================================================
Epoch 703: Train (100%)  Score: 10.3094,  Loss: -0.3215
Epoch 703/1000: Time Est.: Elapsed[51.01m], Remain[2.45h]
=================================================================
Epoch 704: Train (100%)  Score: 10.0797,  Loss: -0.3150
Epoch 704/1000: Time Est.: Elapsed[51.51m], Remain[2.44h]
=================================================================
Epoch 705: Train (100%)  Score: 10.2456,  Loss: -0.3263
Epoch 705/1000: Time Est.: Elapsed[52.01m], Remain[2.44h]
=================================================================
Epoch 706: Train (100%)  Score: 10.2240,  Loss: -0.3201
Epoch 706/1000: Time Est.: Elapsed[52.49m], Remain[2.43h]
=================================================================
Epoch 707: Train (100%)  Score: 9.9770,  Loss: -0.3290
Epoch 707/1000: Time Est.: Elapsed[52.99m], Remain[2.42h]
=================================================================
Epoch 708: Train (100%)  Score: 10.6897,  Loss: -0.3272
Epoch 708/1000: Time Est.: Elapsed[53.49m], Remain[2.41h]
=================================================================
Epoch 709: Train (100%)  Score: 10.1730,  Loss: -0.3320
Epoch 709/1000: Time Est.: Elapsed[53.98m], Remain[2.40h]
=================================================================
Epoch 710: Train (100%)  Score: 10.4991,  Loss: -0.3269
Epoch 710/1000: Time Est.: Elapsed[54.48m], Remain[2.39h]
=================================================================
Epoch 711: Train (100%)  Score: 10.3361,  Loss: -0.3294
Epoch 711/1000: Time Est.: Elapsed[54.97m], Remain[2.39h]
=================================================================
Epoch 712: Train (100%)  Score: 10.3098,  Loss: -0.3327
Epoch 712/1000: Time Est.: Elapsed[55.47m], Remain[2.38h]
=================================================================
Epoch 713: Train (100%)  Score: 10.0875,  Loss: -0.3182
Epoch 713/1000: Time Est.: Elapsed[55.96m], Remain[2.37h]
=================================================================
Epoch 714: Train (100%)  Score: 9.8622,  Loss: -0.3090
Epoch 714/1000: Time Est.: Elapsed[56.46m], Remain[2.36h]
=================================================================
Epoch 715: Train (100%)  Score: 10.3392,  Loss: -0.3323
Epoch 715/1000: Time Est.: Elapsed[56.95m], Remain[2.35h]
=================================================================
Epoch 716: Train (100%)  Score: 10.0969,  Loss: -0.3293
Epoch 716/1000: Time Est.: Elapsed[57.44m], Remain[2.34h]
=================================================================
Epoch 717: Train (100%)  Score: 9.9857,  Loss: -0.3219
Epoch 717/1000: Time Est.: Elapsed[57.93m], Remain[2.34h]
=================================================================
Epoch 718: Train (100%)  Score: 10.4489,  Loss: -0.3286
Epoch 718/1000: Time Est.: Elapsed[58.43m], Remain[2.33h]
=================================================================
Epoch 719: Train (100%)  Score: 10.7058,  Loss: -0.3291
Epoch 719/1000: Time Est.: Elapsed[58.93m], Remain[2.32h]
=================================================================
Epoch 720: Train (100%)  Score: 10.2057,  Loss: -0.3208
Epoch 720/1000: Time Est.: Elapsed[59.41m], Remain[2.31h]
=================================================================
Epoch 721: Train (100%)  Score: 10.5144,  Loss: -0.3264
Epoch 721/1000: Time Est.: Elapsed[59.90m], Remain[2.30h]
=================================================================
Epoch 722: Train (100%)  Score: 10.3958,  Loss: -0.3381
Epoch 722/1000: Time Est.: Elapsed[1.01h], Remain[2.29h]
=================================================================
Epoch 723: Train (100%)  Score: 10.1043,  Loss: -0.3275
Epoch 723/1000: Time Est.: Elapsed[1.01h], Remain[2.29h]
=================================================================
Epoch 724: Train (100%)  Score: 10.4462,  Loss: -0.3199
Epoch 724/1000: Time Est.: Elapsed[1.02h], Remain[2.28h]
=================================================================
Epoch 725: Train (100%)  Score: 10.4663,  Loss: -0.3326
Epoch 725/1000: Time Est.: Elapsed[1.03h], Remain[2.27h]
=================================================================
Epoch 726: Train (100%)  Score: 10.5245,  Loss: -0.3211
Epoch 726/1000: Time Est.: Elapsed[1.04h], Remain[2.26h]
=================================================================
Epoch 727: Train (100%)  Score: 10.4367,  Loss: -0.3233
Epoch 727/1000: Time Est.: Elapsed[1.05h], Remain[2.25h]
=================================================================
Epoch 728: Train (100%)  Score: 10.0010,  Loss: -0.3202
Epoch 728/1000: Time Est.: Elapsed[1.06h], Remain[2.24h]
=================================================================
Epoch 729: Train (100%)  Score: 10.0933,  Loss: -0.3228
Epoch 729/1000: Time Est.: Elapsed[1.06h], Remain[2.24h]
=================================================================
Epoch 730: Train (100%)  Score: 10.4269,  Loss: -0.3199
Epoch 730/1000: Time Est.: Elapsed[1.07h], Remain[2.23h]
=================================================================
Epoch 731: Train (100%)  Score: 10.4778,  Loss: -0.3252
Epoch 731/1000: Time Est.: Elapsed[1.08h], Remain[2.22h]
=================================================================
Epoch 732: Train (100%)  Score: 10.1863,  Loss: -0.3234
Epoch 732/1000: Time Est.: Elapsed[1.09h], Remain[2.21h]
=================================================================
Epoch 733: Train (100%)  Score: 10.4956,  Loss: -0.3227
Epoch 733/1000: Time Est.: Elapsed[1.10h], Remain[2.20h]
=================================================================
Epoch 734: Train (100%)  Score: 10.7092,  Loss: -0.3317
Epoch 734/1000: Time Est.: Elapsed[1.11h], Remain[2.19h]
=================================================================
Epoch 735: Train (100%)  Score: 10.0556,  Loss: -0.3150
Epoch 735/1000: Time Est.: Elapsed[1.11h], Remain[2.19h]
=================================================================
Epoch 736: Train (100%)  Score: 9.9691,  Loss: -0.3135
Epoch 736/1000: Time Est.: Elapsed[1.12h], Remain[2.18h]
=================================================================
Epoch 737: Train (100%)  Score: 10.0513,  Loss: -0.3262
Epoch 737/1000: Time Est.: Elapsed[1.13h], Remain[2.17h]
=================================================================
Epoch 738: Train (100%)  Score: 10.4670,  Loss: -0.3193
Epoch 738/1000: Time Est.: Elapsed[1.14h], Remain[2.16h]
=================================================================
Epoch 739: Train (100%)  Score: 10.2614,  Loss: -0.3188
Epoch 739/1000: Time Est.: Elapsed[1.15h], Remain[2.15h]
=================================================================
Epoch 740: Train (100%)  Score: 10.4968,  Loss: -0.3217
Epoch 740/1000: Time Est.: Elapsed[1.15h], Remain[2.14h]
=================================================================
Epoch 741: Train (100%)  Score: 10.1381,  Loss: -0.3278
Epoch 741/1000: Time Est.: Elapsed[1.16h], Remain[2.14h]
=================================================================
Epoch 742: Train (100%)  Score: 10.2599,  Loss: -0.3207
Epoch 742/1000: Time Est.: Elapsed[1.17h], Remain[2.13h]
=================================================================
Epoch 743: Train (100%)  Score: 9.6873,  Loss: -0.3172
Epoch 743/1000: Time Est.: Elapsed[1.18h], Remain[2.12h]
=================================================================
Epoch 744: Train (100%)  Score: 10.1309,  Loss: -0.3177
Epoch 744/1000: Time Est.: Elapsed[1.19h], Remain[2.11h]
=================================================================
Epoch 745: Train (100%)  Score: 10.1813,  Loss: -0.3144
Epoch 745/1000: Time Est.: Elapsed[1.20h], Remain[2.10h]
=================================================================
Epoch 746: Train (100%)  Score: 10.2777,  Loss: -0.3155
Epoch 746/1000: Time Est.: Elapsed[1.20h], Remain[2.09h]
=================================================================
Epoch 747: Train (100%)  Score: 10.2052,  Loss: -0.3246
Epoch 747/1000: Time Est.: Elapsed[1.21h], Remain[2.09h]
=================================================================
Epoch 748: Train (100%)  Score: 10.5584,  Loss: -0.3256
Epoch 748/1000: Time Est.: Elapsed[1.22h], Remain[2.08h]
=================================================================
Epoch 749: Train (100%)  Score: 9.9469,  Loss: -0.3237
Epoch 749/1000: Time Est.: Elapsed[1.23h], Remain[2.07h]
=================================================================
Epoch 750: Train (100%)  Score: 10.0710,  Loss: -0.3189
Epoch 750/1000: Time Est.: Elapsed[1.24h], Remain[2.06h]
=================================================================
Epoch 751: Train (100%)  Score: 10.2592,  Loss: -0.3220
Epoch 751/1000: Time Est.: Elapsed[1.24h], Remain[2.05h]
=================================================================
Epoch 752: Train (100%)  Score: 9.9185,  Loss: -0.3197
Epoch 752/1000: Time Est.: Elapsed[1.24h], Remain[2.03h]
=================================================================
Epoch 753: Train (100%)  Score: 10.3203,  Loss: -0.3172
Epoch 753/1000: Time Est.: Elapsed[1.26h], Remain[2.04h]
=================================================================
Epoch 754: Train (100%)  Score: 10.0595,  Loss: -0.3173
Epoch 754/1000: Time Est.: Elapsed[1.27h], Remain[2.03h]
=================================================================
Epoch 755: Train (100%)  Score: 10.3521,  Loss: -0.3212
Epoch 755/1000: Time Est.: Elapsed[1.28h], Remain[2.02h]
=================================================================
Epoch 756: Train (100%)  Score: 10.5529,  Loss: -0.3250
Epoch 756/1000: Time Est.: Elapsed[1.29h], Remain[2.01h]
=================================================================
Epoch 757: Train (100%)  Score: 10.0681,  Loss: -0.3141
Epoch 757/1000: Time Est.: Elapsed[1.29h], Remain[2.00h]
=================================================================
Epoch 758: Train (100%)  Score: 10.0655,  Loss: -0.3130
Epoch 758/1000: Time Est.: Elapsed[1.30h], Remain[1.99h]
=================================================================
Epoch 759: Train (100%)  Score: 9.9536,  Loss: -0.3226
Epoch 759/1000: Time Est.: Elapsed[1.31h], Remain[1.99h]
=================================================================
Epoch 760: Train (100%)  Score: 10.4626,  Loss: -0.3262
Epoch 760/1000: Time Est.: Elapsed[1.32h], Remain[1.98h]
=================================================================
Epoch 761: Train (100%)  Score: 9.9888,  Loss: -0.3248
Epoch 761/1000: Time Est.: Elapsed[1.33h], Remain[1.97h]
=================================================================
Epoch 762: Train (100%)  Score: 9.9388,  Loss: -0.3061
Epoch 762/1000: Time Est.: Elapsed[1.33h], Remain[1.96h]
=================================================================
Epoch 763: Train (100%)  Score: 10.1186,  Loss: -0.3169
Epoch 763/1000: Time Est.: Elapsed[1.34h], Remain[1.95h]
=================================================================
Epoch 764: Train (100%)  Score: 10.2951,  Loss: -0.3238
Epoch 764/1000: Time Est.: Elapsed[1.35h], Remain[1.94h]
=================================================================
Epoch 765: Train (100%)  Score: 10.1803,  Loss: -0.3206
Epoch 765/1000: Time Est.: Elapsed[1.36h], Remain[1.94h]
=================================================================
Epoch 766: Train (100%)  Score: 10.2141,  Loss: -0.3172
Epoch 766/1000: Time Est.: Elapsed[1.37h], Remain[1.93h]
=================================================================
Epoch 767: Train (100%)  Score: 10.1193,  Loss: -0.3197
Epoch 767/1000: Time Est.: Elapsed[1.38h], Remain[1.92h]
=================================================================
Epoch 768: Train (100%)  Score: 10.5819,  Loss: -0.3162
Epoch 768/1000: Time Est.: Elapsed[1.38h], Remain[1.91h]
=================================================================
Epoch 769: Train (100%)  Score: 10.1367,  Loss: -0.3099
Epoch 769/1000: Time Est.: Elapsed[1.39h], Remain[1.90h]
=================================================================
Epoch 770: Train (100%)  Score: 10.2351,  Loss: -0.3195
Epoch 770/1000: Time Est.: Elapsed[1.40h], Remain[1.89h]
=================================================================
Epoch 771: Train (100%)  Score: 10.3885,  Loss: -0.3165
Epoch 771/1000: Time Est.: Elapsed[1.41h], Remain[1.89h]
=================================================================
Epoch 772: Train (100%)  Score: 10.2800,  Loss: -0.3149
Epoch 772/1000: Time Est.: Elapsed[1.42h], Remain[1.88h]
=================================================================
Epoch 773: Train (100%)  Score: 10.0226,  Loss: -0.3157
Epoch 773/1000: Time Est.: Elapsed[1.42h], Remain[1.87h]
=================================================================
Epoch 774: Train (100%)  Score: 9.9840,  Loss: -0.3136
Epoch 774/1000: Time Est.: Elapsed[1.43h], Remain[1.86h]
=================================================================
Epoch 775: Train (100%)  Score: 10.2324,  Loss: -0.3190
Epoch 775/1000: Time Est.: Elapsed[1.44h], Remain[1.85h]
=================================================================
Epoch 776: Train (100%)  Score: 10.1189,  Loss: -0.3118
Epoch 776/1000: Time Est.: Elapsed[1.45h], Remain[1.84h]
=================================================================
Epoch 777: Train (100%)  Score: 10.4087,  Loss: -0.3242
Epoch 777/1000: Time Est.: Elapsed[1.46h], Remain[1.84h]
=================================================================
Epoch 778: Train (100%)  Score: 10.0992,  Loss: -0.3217
Epoch 778/1000: Time Est.: Elapsed[1.47h], Remain[1.83h]
=================================================================
Epoch 779: Train (100%)  Score: 10.1685,  Loss: -0.3168
Epoch 779/1000: Time Est.: Elapsed[1.47h], Remain[1.82h]
=================================================================
Epoch 780: Train (100%)  Score: 9.9455,  Loss: -0.3183
Epoch 780/1000: Time Est.: Elapsed[1.48h], Remain[1.81h]
=================================================================
Epoch 781: Train (100%)  Score: 10.1716,  Loss: -0.3112
Epoch 781/1000: Time Est.: Elapsed[1.49h], Remain[1.80h]
=================================================================
Epoch 782: Train (100%)  Score: 10.5329,  Loss: -0.3257
Epoch 782/1000: Time Est.: Elapsed[1.50h], Remain[1.80h]
=================================================================
Epoch 783: Train (100%)  Score: 10.3906,  Loss: -0.3185
Epoch 783/1000: Time Est.: Elapsed[1.51h], Remain[1.79h]
=================================================================
Epoch 784: Train (100%)  Score: 9.9212,  Loss: -0.3091
Epoch 784/1000: Time Est.: Elapsed[1.52h], Remain[1.78h]
=================================================================
Epoch 785: Train (100%)  Score: 9.8634,  Loss: -0.3196
Epoch 785/1000: Time Est.: Elapsed[1.52h], Remain[1.77h]
=================================================================
Epoch 786: Train (100%)  Score: 10.3039,  Loss: -0.3135
Epoch 786/1000: Time Est.: Elapsed[1.53h], Remain[1.76h]
=================================================================
Epoch 787: Train (100%)  Score: 10.0561,  Loss: -0.3163
Epoch 787/1000: Time Est.: Elapsed[1.54h], Remain[1.75h]
=================================================================
Epoch 788: Train (100%)  Score: 10.2675,  Loss: -0.3122
Epoch 788/1000: Time Est.: Elapsed[1.55h], Remain[1.75h]
=================================================================
Epoch 789: Train (100%)  Score: 10.2665,  Loss: -0.3219
Epoch 789/1000: Time Est.: Elapsed[1.56h], Remain[1.74h]
=================================================================
Epoch 790: Train (100%)  Score: 10.5016,  Loss: -0.3188
Epoch 790/1000: Time Est.: Elapsed[1.56h], Remain[1.73h]
=================================================================
Epoch 791: Train (100%)  Score: 10.0997,  Loss: -0.3181
Epoch 791/1000: Time Est.: Elapsed[1.57h], Remain[1.72h]
=================================================================
Epoch 792: Train (100%)  Score: 10.2284,  Loss: -0.3180
Epoch 792/1000: Time Est.: Elapsed[1.58h], Remain[1.71h]
=================================================================
Epoch 793: Train (100%)  Score: 10.1439,  Loss: -0.3147
Epoch 793/1000: Time Est.: Elapsed[1.59h], Remain[1.70h]
=================================================================
Epoch 794: Train (100%)  Score: 10.3602,  Loss: -0.3218
Epoch 794/1000: Time Est.: Elapsed[1.60h], Remain[1.70h]
=================================================================
Epoch 795: Train (100%)  Score: 10.3772,  Loss: -0.3262
Epoch 795/1000: Time Est.: Elapsed[1.60h], Remain[1.69h]
=================================================================
Epoch 796: Train (100%)  Score: 10.2569,  Loss: -0.3194
Epoch 796/1000: Time Est.: Elapsed[1.61h], Remain[1.68h]
=================================================================
Epoch 797: Train (100%)  Score: 10.6210,  Loss: -0.3132
Epoch 797/1000: Time Est.: Elapsed[1.62h], Remain[1.67h]
=================================================================
Epoch 798: Train (100%)  Score: 9.9288,  Loss: -0.3188
Epoch 798/1000: Time Est.: Elapsed[1.63h], Remain[1.66h]
=================================================================
Epoch 799: Train (100%)  Score: 10.3935,  Loss: -0.3161
Epoch 799/1000: Time Est.: Elapsed[1.63h], Remain[1.64h]
=================================================================
Epoch 800: Train (100%)  Score: 10.3413,  Loss: -0.3305
Epoch 800/1000: Time Est.: Elapsed[1.65h], Remain[1.65h]
Saving trained_model
=================================================================
Epoch 801: Train (100%)  Score: 9.8611,  Loss: -0.3165
Epoch 801/1000: Time Est.: Elapsed[1.65h], Remain[1.64h]
=================================================================
Epoch 802: Train (100%)  Score: 9.9121,  Loss: -0.3217
Epoch 802/1000: Time Est.: Elapsed[1.66h], Remain[1.63h]
=================================================================
Epoch 803: Train (100%)  Score: 10.0176,  Loss: -0.3203
Epoch 803/1000: Time Est.: Elapsed[1.67h], Remain[1.62h]
=================================================================
Epoch 804: Train (100%)  Score: 10.7200,  Loss: -0.3206
Epoch 804/1000: Time Est.: Elapsed[1.68h], Remain[1.61h]
=================================================================
Epoch 805: Train (100%)  Score: 10.4186,  Loss: -0.3195
Epoch 805/1000: Time Est.: Elapsed[1.69h], Remain[1.61h]
=================================================================
Epoch 806: Train (100%)  Score: 10.2661,  Loss: -0.3220
Epoch 806/1000: Time Est.: Elapsed[1.70h], Remain[1.60h]
=================================================================
Epoch 807: Train (100%)  Score: 10.3527,  Loss: -0.3149
Epoch 807/1000: Time Est.: Elapsed[1.70h], Remain[1.59h]
=================================================================
Epoch 808: Train (100%)  Score: 10.3221,  Loss: -0.3213
Epoch 808/1000: Time Est.: Elapsed[1.71h], Remain[1.58h]
=================================================================
Epoch 809: Train (100%)  Score: 10.1344,  Loss: -0.3171
Epoch 809/1000: Time Est.: Elapsed[1.72h], Remain[1.57h]
=================================================================
Epoch 810: Train (100%)  Score: 10.1499,  Loss: -0.3225
Epoch 810/1000: Time Est.: Elapsed[1.73h], Remain[1.56h]
=================================================================
Epoch 811: Train (100%)  Score: 10.1977,  Loss: -0.3200
Epoch 811/1000: Time Est.: Elapsed[1.74h], Remain[1.56h]
=================================================================
Epoch 812: Train (100%)  Score: 10.5579,  Loss: -0.3223
Epoch 812/1000: Time Est.: Elapsed[1.75h], Remain[1.55h]
=================================================================
Epoch 813: Train (100%)  Score: 10.1448,  Loss: -0.3109
Epoch 813/1000: Time Est.: Elapsed[1.75h], Remain[1.54h]
=================================================================
Epoch 814: Train (100%)  Score: 10.3588,  Loss: -0.3146
Epoch 814/1000: Time Est.: Elapsed[1.76h], Remain[1.53h]
=================================================================
Epoch 815: Train (100%)  Score: 10.1644,  Loss: -0.3220
Epoch 815/1000: Time Est.: Elapsed[1.77h], Remain[1.52h]
=================================================================
Epoch 816: Train (100%)  Score: 10.0723,  Loss: -0.3186
Epoch 816/1000: Time Est.: Elapsed[1.78h], Remain[1.51h]
=================================================================
Epoch 817: Train (100%)  Score: 10.4551,  Loss: -0.3184
Epoch 817/1000: Time Est.: Elapsed[1.79h], Remain[1.51h]
=================================================================
Epoch 818: Train (100%)  Score: 10.0302,  Loss: -0.3109
Epoch 818/1000: Time Est.: Elapsed[1.79h], Remain[1.50h]
=================================================================
Epoch 819: Train (100%)  Score: 10.4243,  Loss: -0.3133
Epoch 819/1000: Time Est.: Elapsed[1.80h], Remain[1.49h]
=================================================================
Epoch 820: Train (100%)  Score: 10.1512,  Loss: -0.3168
Epoch 820/1000: Time Est.: Elapsed[1.81h], Remain[1.48h]
=================================================================
Epoch 821: Train (100%)  Score: 10.2833,  Loss: -0.3121
Epoch 821/1000: Time Est.: Elapsed[1.82h], Remain[1.47h]
=================================================================
Epoch 822: Train (100%)  Score: 10.3343,  Loss: -0.3172
Epoch 822/1000: Time Est.: Elapsed[1.83h], Remain[1.47h]
=================================================================
Epoch 823: Train (100%)  Score: 10.1819,  Loss: -0.3262
Epoch 823/1000: Time Est.: Elapsed[1.84h], Remain[1.46h]
=================================================================
Epoch 824: Train (100%)  Score: 10.1883,  Loss: -0.3165
Epoch 824/1000: Time Est.: Elapsed[1.84h], Remain[1.45h]
=================================================================
Epoch 825: Train (100%)  Score: 10.1500,  Loss: -0.3180
Epoch 825/1000: Time Est.: Elapsed[1.85h], Remain[1.44h]
=================================================================
Epoch 826: Train (100%)  Score: 10.2799,  Loss: -0.3192
Epoch 826/1000: Time Est.: Elapsed[1.86h], Remain[1.43h]
=================================================================
Epoch 827: Train (100%)  Score: 10.1830,  Loss: -0.3215
Epoch 827/1000: Time Est.: Elapsed[1.87h], Remain[1.42h]
=================================================================
Epoch 828: Train (100%)  Score: 10.1763,  Loss: -0.3173
Epoch 828/1000: Time Est.: Elapsed[1.88h], Remain[1.42h]
=================================================================
Epoch 829: Train (100%)  Score: 9.9808,  Loss: -0.3176
Epoch 829/1000: Time Est.: Elapsed[1.89h], Remain[1.41h]
=================================================================
Epoch 830: Train (100%)  Score: 10.1096,  Loss: -0.3162
Epoch 830/1000: Time Est.: Elapsed[1.88h], Remain[1.39h]
=================================================================
Epoch 831: Train (100%)  Score: 10.3656,  Loss: -0.3210
Epoch 831/1000: Time Est.: Elapsed[1.90h], Remain[1.39h]
=================================================================
Epoch 832: Train (100%)  Score: 10.5599,  Loss: -0.3208
Epoch 832/1000: Time Est.: Elapsed[1.91h], Remain[1.38h]
=================================================================
Epoch 833: Train (100%)  Score: 9.9991,  Loss: -0.3182
Epoch 833/1000: Time Est.: Elapsed[1.92h], Remain[1.37h]
=================================================================
Epoch 834: Train (100%)  Score: 10.3248,  Loss: -0.3202
Epoch 834/1000: Time Est.: Elapsed[1.93h], Remain[1.37h]
=================================================================
Epoch 835: Train (100%)  Score: 10.2110,  Loss: -0.3165
Epoch 835/1000: Time Est.: Elapsed[1.93h], Remain[1.36h]
=================================================================
Epoch 836: Train (100%)  Score: 10.7166,  Loss: -0.3172
Epoch 836/1000: Time Est.: Elapsed[1.94h], Remain[1.35h]
=================================================================
Epoch 837: Train (100%)  Score: 10.0571,  Loss: -0.3197
Epoch 837/1000: Time Est.: Elapsed[1.95h], Remain[1.34h]
=================================================================
Epoch 838: Train (100%)  Score: 10.2255,  Loss: -0.3143
Epoch 838/1000: Time Est.: Elapsed[1.95h], Remain[1.33h]
=================================================================
Epoch 839: Train (100%)  Score: 9.7854,  Loss: -0.3127
Epoch 839/1000: Time Est.: Elapsed[1.97h], Remain[1.33h]
=================================================================
Epoch 840: Train (100%)  Score: 10.2119,  Loss: -0.3147
Epoch 840/1000: Time Est.: Elapsed[1.97h], Remain[1.31h]
=================================================================
Epoch 841: Train (100%)  Score: 10.3957,  Loss: -0.3251
Epoch 841/1000: Time Est.: Elapsed[1.97h], Remain[1.30h]
=================================================================
Epoch 842: Train (100%)  Score: 10.3985,  Loss: -0.3186
Epoch 842/1000: Time Est.: Elapsed[1.99h], Remain[1.30h]
=================================================================
Epoch 843: Train (100%)  Score: 10.1427,  Loss: -0.3149
Epoch 843/1000: Time Est.: Elapsed[2.00h], Remain[1.29h]
=================================================================
Epoch 844: Train (100%)  Score: 10.1956,  Loss: -0.3110
Epoch 844/1000: Time Est.: Elapsed[2.01h], Remain[1.28h]
=================================================================
Epoch 845: Train (100%)  Score: 10.0564,  Loss: -0.3127
Epoch 845/1000: Time Est.: Elapsed[2.02h], Remain[1.28h]
=================================================================
Epoch 846: Train (100%)  Score: 10.6969,  Loss: -0.3158
Epoch 846/1000: Time Est.: Elapsed[2.02h], Remain[1.27h]
=================================================================
>> Invalid instances, Re-generating ...
Epoch 847: Train (100%)  Score: 9.9928,  Loss: -0.3169
Epoch 847/1000: Time Est.: Elapsed[2.03h], Remain[1.26h]
=================================================================
Epoch 848: Train (100%)  Score: 10.1270,  Loss: -0.3092
Epoch 848/1000: Time Est.: Elapsed[2.04h], Remain[1.25h]
=================================================================
Epoch 849: Train (100%)  Score: 10.1415,  Loss: -0.3168
Epoch 849/1000: Time Est.: Elapsed[2.05h], Remain[1.24h]
=================================================================
Epoch 850: Train (100%)  Score: 10.2825,  Loss: -0.3185
Epoch 850/1000: Time Est.: Elapsed[2.06h], Remain[1.23h]
=================================================================
Epoch 851: Train (100%)  Score: 9.9939,  Loss: -0.3184
Epoch 851/1000: Time Est.: Elapsed[2.07h], Remain[1.23h]
=================================================================
Epoch 852: Train (100%)  Score: 10.2984,  Loss: -0.3119
Epoch 852/1000: Time Est.: Elapsed[2.07h], Remain[1.22h]
=================================================================
Epoch 853: Train (100%)  Score: 10.2650,  Loss: -0.3150
Epoch 853/1000: Time Est.: Elapsed[2.08h], Remain[1.21h]
=================================================================
Epoch 854: Train (100%)  Score: 10.3480,  Loss: -0.3183
Epoch 854/1000: Time Est.: Elapsed[2.09h], Remain[1.20h]
=================================================================
Epoch 855: Train (100%)  Score: 10.7456,  Loss: -0.3196
Epoch 855/1000: Time Est.: Elapsed[2.10h], Remain[1.19h]
=================================================================
Epoch 856: Train (100%)  Score: 10.4779,  Loss: -0.3156
Epoch 856/1000: Time Est.: Elapsed[2.11h], Remain[1.19h]
=================================================================
Epoch 857: Train (100%)  Score: 10.0423,  Loss: -0.3081
Epoch 857/1000: Time Est.: Elapsed[2.12h], Remain[1.18h]
=================================================================
Epoch 858: Train (100%)  Score: 10.3374,  Loss: -0.3226
Epoch 858/1000: Time Est.: Elapsed[2.12h], Remain[1.17h]
=================================================================
>> Invalid instances, Re-generating ...
Epoch 859: Train (100%)  Score: 10.3399,  Loss: -0.3230
Epoch 859/1000: Time Est.: Elapsed[2.13h], Remain[1.16h]
=================================================================
Epoch 860: Train (100%)  Score: 10.3632,  Loss: -0.3214
Epoch 860/1000: Time Est.: Elapsed[2.14h], Remain[1.15h]
=================================================================
Epoch 861: Train (100%)  Score: 10.1797,  Loss: -0.3150
Epoch 861/1000: Time Est.: Elapsed[2.15h], Remain[1.14h]
=================================================================
Epoch 862: Train (100%)  Score: 9.9890,  Loss: -0.3124
Epoch 862/1000: Time Est.: Elapsed[2.16h], Remain[1.14h]
=================================================================
Epoch 863: Train (100%)  Score: 10.1564,  Loss: -0.3171
Epoch 863/1000: Time Est.: Elapsed[2.16h], Remain[1.13h]
=================================================================
Epoch 864: Train (100%)  Score: 10.4111,  Loss: -0.3168
Epoch 864/1000: Time Est.: Elapsed[2.17h], Remain[1.12h]
=================================================================
Epoch 865: Train (100%)  Score: 10.6165,  Loss: -0.3164
Epoch 865/1000: Time Est.: Elapsed[2.18h], Remain[1.11h]
=================================================================
Epoch 866: Train (100%)  Score: 9.7046,  Loss: -0.3112
Epoch 866/1000: Time Est.: Elapsed[2.19h], Remain[1.10h]
=================================================================
Epoch 867: Train (100%)  Score: 10.3060,  Loss: -0.3207
Epoch 867/1000: Time Est.: Elapsed[2.20h], Remain[1.09h]
=================================================================
Epoch 868: Train (100%)  Score: 10.2489,  Loss: -0.3103
Epoch 868/1000: Time Est.: Elapsed[2.21h], Remain[1.09h]
=================================================================
Epoch 869: Train (100%)  Score: 10.1446,  Loss: -0.3165
Epoch 869/1000: Time Est.: Elapsed[2.21h], Remain[1.08h]
=================================================================
Epoch 870: Train (100%)  Score: 10.5438,  Loss: -0.3190
Epoch 870/1000: Time Est.: Elapsed[2.22h], Remain[1.07h]
=================================================================
Epoch 871: Train (100%)  Score: 10.4873,  Loss: -0.3142
Epoch 871/1000: Time Est.: Elapsed[2.23h], Remain[1.06h]
=================================================================
Epoch 872: Train (100%)  Score: 10.3261,  Loss: -0.3131
Epoch 872/1000: Time Est.: Elapsed[2.24h], Remain[1.05h]
=================================================================
Epoch 873: Train (100%)  Score: 9.8628,  Loss: -0.3056
Epoch 873/1000: Time Est.: Elapsed[2.25h], Remain[1.05h]
=================================================================
Epoch 874: Train (100%)  Score: 10.1479,  Loss: -0.3103
Epoch 874/1000: Time Est.: Elapsed[2.26h], Remain[1.04h]
=================================================================
Epoch 875: Train (100%)  Score: 10.1028,  Loss: -0.3111
Epoch 875/1000: Time Est.: Elapsed[2.26h], Remain[1.03h]
=================================================================
Epoch 876: Train (100%)  Score: 10.2756,  Loss: -0.3215
Epoch 876/1000: Time Est.: Elapsed[2.27h], Remain[1.02h]
=================================================================
Epoch 877: Train (100%)  Score: 10.3705,  Loss: -0.3173
Epoch 877/1000: Time Est.: Elapsed[2.28h], Remain[1.01h]
=================================================================
Epoch 878: Train (100%)  Score: 10.4173,  Loss: -0.3159
Epoch 878/1000: Time Est.: Elapsed[2.29h], Remain[1.00h]
=================================================================
Epoch 879: Train (100%)  Score: 10.0471,  Loss: -0.3130
Epoch 879/1000: Time Est.: Elapsed[2.30h], Remain[59.75m]
=================================================================
Epoch 880: Train (100%)  Score: 9.9023,  Loss: -0.3171
Epoch 880/1000: Time Est.: Elapsed[2.30h], Remain[59.25m]
=================================================================
Epoch 881: Train (100%)  Score: 10.2162,  Loss: -0.3068
Epoch 881/1000: Time Est.: Elapsed[2.31h], Remain[58.76m]
=================================================================
>> Invalid instances, Re-generating ...
Epoch 882: Train (100%)  Score: 10.3051,  Loss: -0.3139
Epoch 882/1000: Time Est.: Elapsed[2.32h], Remain[58.26m]
=================================================================
Epoch 883: Train (100%)  Score: 10.3459,  Loss: -0.3211
Epoch 883/1000: Time Est.: Elapsed[2.33h], Remain[57.77m]
=================================================================
Epoch 884: Train (100%)  Score: 10.2497,  Loss: -0.3148
Epoch 884/1000: Time Est.: Elapsed[2.34h], Remain[57.27m]
=================================================================
Epoch 885: Train (100%)  Score: 9.9136,  Loss: -0.3129
Epoch 885/1000: Time Est.: Elapsed[2.34h], Remain[56.77m]
=================================================================
Epoch 886: Train (100%)  Score: 10.0780,  Loss: -0.3073
Epoch 886/1000: Time Est.: Elapsed[2.35h], Remain[56.28m]
=================================================================
Epoch 887: Train (100%)  Score: 10.5191,  Loss: -0.3185
Epoch 887/1000: Time Est.: Elapsed[2.36h], Remain[55.78m]
=================================================================
Epoch 888: Train (100%)  Score: 10.5444,  Loss: -0.3165
Epoch 888/1000: Time Est.: Elapsed[2.37h], Remain[55.29m]
=================================================================
Epoch 889: Train (100%)  Score: 10.2224,  Loss: -0.3095
Epoch 889/1000: Time Est.: Elapsed[2.38h], Remain[54.79m]
=================================================================
Epoch 890: Train (100%)  Score: 10.1493,  Loss: -0.3178
Epoch 890/1000: Time Est.: Elapsed[2.39h], Remain[54.29m]
=================================================================
Epoch 891: Train (100%)  Score: 10.3879,  Loss: -0.3132
Epoch 891/1000: Time Est.: Elapsed[2.39h], Remain[53.80m]
=================================================================
Epoch 892: Train (100%)  Score: 9.8906,  Loss: -0.3046
Epoch 892/1000: Time Est.: Elapsed[2.40h], Remain[53.31m]
=================================================================
Epoch 893: Train (100%)  Score: 10.4641,  Loss: -0.3176
Epoch 893/1000: Time Est.: Elapsed[2.41h], Remain[52.81m]
=================================================================
Epoch 894: Train (100%)  Score: 10.0799,  Loss: -0.3181
Epoch 894/1000: Time Est.: Elapsed[2.42h], Remain[52.32m]
=================================================================
Epoch 895: Train (100%)  Score: 9.8299,  Loss: -0.3127
Epoch 895/1000: Time Est.: Elapsed[2.43h], Remain[51.82m]
=================================================================
Epoch 896: Train (100%)  Score: 10.3400,  Loss: -0.3141
Epoch 896/1000: Time Est.: Elapsed[2.43h], Remain[51.33m]
=================================================================
Epoch 897: Train (100%)  Score: 9.9863,  Loss: -0.3045
Epoch 897/1000: Time Est.: Elapsed[2.44h], Remain[50.83m]
=================================================================
Epoch 898: Train (100%)  Score: 10.3102,  Loss: -0.3159
Epoch 898/1000: Time Est.: Elapsed[2.45h], Remain[50.34m]
=================================================================
Epoch 899: Train (100%)  Score: 11.0200,  Loss: -0.3231
Epoch 899/1000: Time Est.: Elapsed[2.46h], Remain[49.85m]
=================================================================
Epoch 900: Train (100%)  Score: 10.5881,  Loss: -0.3158
Epoch 900/1000: Time Est.: Elapsed[2.47h], Remain[49.35m]
Saving trained_model
=================================================================
Epoch 901: Train (100%)  Score: 9.9451,  Loss: -0.3108
Epoch 901/1000: Time Est.: Elapsed[2.47h], Remain[48.66m]
=================================================================
Epoch 902: Train (100%)  Score: 9.9151,  Loss: -0.3116
Epoch 902/1000: Time Est.: Elapsed[2.48h], Remain[48.37m]
=================================================================
Epoch 903: Train (100%)  Score: 10.2500,  Loss: -0.3133
Epoch 903/1000: Time Est.: Elapsed[2.49h], Remain[47.87m]
=================================================================
Epoch 904: Train (100%)  Score: 10.2000,  Loss: -0.3130
Epoch 904/1000: Time Est.: Elapsed[2.50h], Remain[47.38m]
=================================================================
Epoch 905: Train (100%)  Score: 10.5196,  Loss: -0.3156
Epoch 905/1000: Time Est.: Elapsed[2.50h], Remain[46.69m]
=================================================================
Epoch 906: Train (100%)  Score: 10.0603,  Loss: -0.3097
Epoch 906/1000: Time Est.: Elapsed[2.52h], Remain[46.39m]
=================================================================
Epoch 907: Train (100%)  Score: 10.3678,  Loss: -0.3212
Epoch 907/1000: Time Est.: Elapsed[2.52h], Remain[45.89m]
=================================================================
Epoch 908: Train (100%)  Score: 10.2413,  Loss: -0.3120
Epoch 908/1000: Time Est.: Elapsed[2.53h], Remain[45.40m]
=================================================================
Epoch 909: Train (100%)  Score: 9.8511,  Loss: -0.3063
Epoch 909/1000: Time Est.: Elapsed[2.54h], Remain[44.90m]
=================================================================
Epoch 910: Train (100%)  Score: 9.7040,  Loss: -0.3045
Epoch 910/1000: Time Est.: Elapsed[2.55h], Remain[44.41m]
=================================================================
Epoch 911: Train (100%)  Score: 10.6237,  Loss: -0.3238
Epoch 911/1000: Time Est.: Elapsed[2.56h], Remain[43.90m]
=================================================================
Epoch 912: Train (100%)  Score: 10.1710,  Loss: -0.3115
Epoch 912/1000: Time Est.: Elapsed[2.57h], Remain[43.42m]
=================================================================
Epoch 913: Train (100%)  Score: 10.0076,  Loss: -0.3107
Epoch 913/1000: Time Est.: Elapsed[2.57h], Remain[42.93m]
=================================================================
Epoch 914: Train (100%)  Score: 10.2153,  Loss: -0.3156
Epoch 914/1000: Time Est.: Elapsed[2.58h], Remain[42.43m]
=================================================================
Epoch 915: Train (100%)  Score: 10.1351,  Loss: -0.3140
Epoch 915/1000: Time Est.: Elapsed[2.59h], Remain[41.93m]
=================================================================
Epoch 916: Train (100%)  Score: 10.0958,  Loss: -0.3172
Epoch 916/1000: Time Est.: Elapsed[2.60h], Remain[41.44m]
=================================================================
Epoch 917: Train (100%)  Score: 9.9520,  Loss: -0.3143
Epoch 917/1000: Time Est.: Elapsed[2.61h], Remain[40.95m]
=================================================================
Epoch 918: Train (100%)  Score: 10.1389,  Loss: -0.3088
Epoch 918/1000: Time Est.: Elapsed[2.61h], Remain[40.45m]
=================================================================
Epoch 919: Train (100%)  Score: 10.2144,  Loss: -0.3129
Epoch 919/1000: Time Est.: Elapsed[2.62h], Remain[39.96m]
=================================================================
Epoch 920: Train (100%)  Score: 10.2576,  Loss: -0.3130
Epoch 920/1000: Time Est.: Elapsed[2.63h], Remain[39.47m]
=================================================================
Epoch 921: Train (100%)  Score: 10.3680,  Loss: -0.3165
Epoch 921/1000: Time Est.: Elapsed[2.64h], Remain[38.97m]
=================================================================
Epoch 922: Train (100%)  Score: 9.8317,  Loss: -0.3036
Epoch 922/1000: Time Est.: Elapsed[2.65h], Remain[38.48m]
=================================================================
Epoch 923: Train (100%)  Score: 10.1763,  Loss: -0.3086
Epoch 923/1000: Time Est.: Elapsed[2.66h], Remain[37.98m]
=================================================================
Epoch 924: Train (100%)  Score: 9.9334,  Loss: -0.3101
Epoch 924/1000: Time Est.: Elapsed[2.66h], Remain[37.49m]
=================================================================
Epoch 925: Train (100%)  Score: 10.1403,  Loss: -0.3228
Epoch 925/1000: Time Est.: Elapsed[2.67h], Remain[37.00m]
=================================================================
Epoch 926: Train (100%)  Score: 10.0007,  Loss: -0.3088
Epoch 926/1000: Time Est.: Elapsed[2.68h], Remain[36.50m]
=================================================================
Epoch 927: Train (100%)  Score: 10.5828,  Loss: -0.3159
Epoch 927/1000: Time Est.: Elapsed[2.69h], Remain[36.01m]
=================================================================
Epoch 928: Train (100%)  Score: 9.9496,  Loss: -0.2979
Epoch 928/1000: Time Est.: Elapsed[2.70h], Remain[35.51m]
=================================================================
Epoch 929: Train (100%)  Score: 9.8609,  Loss: -0.3140
Epoch 929/1000: Time Est.: Elapsed[2.70h], Remain[35.02m]
=================================================================
Epoch 930: Train (100%)  Score: 10.3289,  Loss: -0.3219
Epoch 930/1000: Time Est.: Elapsed[2.71h], Remain[34.52m]
=================================================================
Epoch 931: Train (100%)  Score: 10.1996,  Loss: -0.3155
Epoch 931/1000: Time Est.: Elapsed[2.72h], Remain[34.03m]
=================================================================
Epoch 932: Train (100%)  Score: 10.0761,  Loss: -0.3110
Epoch 932/1000: Time Est.: Elapsed[2.73h], Remain[33.54m]
=================================================================
Epoch 933: Train (100%)  Score: 10.3895,  Loss: -0.3116
Epoch 933/1000: Time Est.: Elapsed[2.74h], Remain[33.04m]
=================================================================
Epoch 934: Train (100%)  Score: 10.4021,  Loss: -0.3037
Epoch 934/1000: Time Est.: Elapsed[2.75h], Remain[32.55m]
=================================================================
Epoch 935: Train (100%)  Score: 10.0252,  Loss: -0.3084
Epoch 935/1000: Time Est.: Elapsed[2.75h], Remain[32.05m]
=================================================================
Epoch 936: Train (100%)  Score: 10.1375,  Loss: -0.2963
Epoch 936/1000: Time Est.: Elapsed[2.76h], Remain[31.56m]
=================================================================
Epoch 937: Train (100%)  Score: 10.2618,  Loss: -0.3169
Epoch 937/1000: Time Est.: Elapsed[2.77h], Remain[31.07m]
=================================================================
Epoch 938: Train (100%)  Score: 10.3678,  Loss: -0.3046
Epoch 938/1000: Time Est.: Elapsed[2.78h], Remain[30.58m]
=================================================================
Epoch 939: Train (100%)  Score: 10.0653,  Loss: -0.3072
Epoch 939/1000: Time Est.: Elapsed[2.79h], Remain[30.08m]
=================================================================
Epoch 940: Train (100%)  Score: 10.3324,  Loss: -0.3110
Epoch 940/1000: Time Est.: Elapsed[2.79h], Remain[29.59m]
=================================================================
Epoch 941: Train (100%)  Score: 9.9415,  Loss: -0.3073
Epoch 941/1000: Time Est.: Elapsed[2.80h], Remain[29.10m]
=================================================================
Epoch 942: Train (100%)  Score: 9.9740,  Loss: -0.3091
Epoch 942/1000: Time Est.: Elapsed[2.81h], Remain[28.60m]
=================================================================
Epoch 943: Train (100%)  Score: 10.5744,  Loss: -0.3210
Epoch 943/1000: Time Est.: Elapsed[2.82h], Remain[28.11m]
=================================================================
Epoch 944: Train (100%)  Score: 10.0340,  Loss: -0.3079
Epoch 944/1000: Time Est.: Elapsed[2.83h], Remain[27.62m]
=================================================================
Epoch 945: Train (100%)  Score: 10.2761,  Loss: -0.3136
Epoch 945/1000: Time Est.: Elapsed[2.84h], Remain[27.13m]
=================================================================
Epoch 946: Train (100%)  Score: 10.1017,  Loss: -0.3087
Epoch 946/1000: Time Est.: Elapsed[2.84h], Remain[26.64m]
=================================================================
Epoch 947: Train (100%)  Score: 10.2418,  Loss: -0.3200
Epoch 947/1000: Time Est.: Elapsed[2.85h], Remain[26.14m]
=================================================================
Epoch 948: Train (100%)  Score: 10.1172,  Loss: -0.3124
Epoch 948/1000: Time Est.: Elapsed[2.86h], Remain[25.65m]
=================================================================
Epoch 949: Train (100%)  Score: 10.5274,  Loss: -0.3246
Epoch 949/1000: Time Est.: Elapsed[2.87h], Remain[25.16m]
=================================================================
Epoch 950: Train (100%)  Score: 10.5324,  Loss: -0.3152
Epoch 950/1000: Time Est.: Elapsed[2.88h], Remain[24.66m]
=================================================================
Epoch 951: Train (100%)  Score: 10.1718,  Loss: -0.3080
Epoch 951/1000: Time Est.: Elapsed[2.89h], Remain[24.17m]
=================================================================
Epoch 952: Train (100%)  Score: 10.4862,  Loss: -0.3148
Epoch 952/1000: Time Est.: Elapsed[2.89h], Remain[23.68m]
=================================================================
Epoch 953: Train (100%)  Score: 10.0652,  Loss: -0.3120
Epoch 953/1000: Time Est.: Elapsed[2.90h], Remain[23.19m]
=================================================================
Epoch 954: Train (100%)  Score: 9.9379,  Loss: -0.3153
Epoch 954/1000: Time Est.: Elapsed[2.91h], Remain[22.69m]
=================================================================
Epoch 955: Train (100%)  Score: 10.3405,  Loss: -0.3103
Epoch 955/1000: Time Est.: Elapsed[2.92h], Remain[22.20m]
=================================================================
Epoch 956: Train (100%)  Score: 9.8186,  Loss: -0.3076
Epoch 956/1000: Time Est.: Elapsed[2.93h], Remain[21.70m]
=================================================================
Epoch 957: Train (100%)  Score: 10.2304,  Loss: -0.3136
Epoch 957/1000: Time Est.: Elapsed[2.93h], Remain[21.21m]
=================================================================
Epoch 958: Train (100%)  Score: 10.5216,  Loss: -0.3173
Epoch 958/1000: Time Est.: Elapsed[2.94h], Remain[20.72m]
=================================================================
Epoch 959: Train (100%)  Score: 10.2061,  Loss: -0.3090
Epoch 959/1000: Time Est.: Elapsed[2.95h], Remain[20.22m]
=================================================================
Epoch 960: Train (100%)  Score: 10.1776,  Loss: -0.3143
Epoch 960/1000: Time Est.: Elapsed[2.96h], Remain[19.73m]
=================================================================
Epoch 961: Train (100%)  Score: 10.0230,  Loss: -0.3026
Epoch 961/1000: Time Est.: Elapsed[2.97h], Remain[19.23m]
=================================================================
Epoch 962: Train (100%)  Score: 10.0486,  Loss: -0.3106
Epoch 962/1000: Time Est.: Elapsed[2.98h], Remain[18.74m]
=================================================================
Epoch 963: Train (100%)  Score: 9.9981,  Loss: -0.3045
Epoch 963/1000: Time Est.: Elapsed[2.98h], Remain[18.25m]
=================================================================
Epoch 964: Train (100%)  Score: 9.9813,  Loss: -0.3091
Epoch 964/1000: Time Est.: Elapsed[2.99h], Remain[17.76m]
=================================================================
Epoch 965: Train (100%)  Score: 10.4862,  Loss: -0.3156
Epoch 965/1000: Time Est.: Elapsed[3.00h], Remain[17.26m]
=================================================================
Epoch 966: Train (100%)  Score: 10.3013,  Loss: -0.3097
Epoch 966/1000: Time Est.: Elapsed[3.01h], Remain[16.77m]
=================================================================
Epoch 967: Train (100%)  Score: 10.2367,  Loss: -0.3104
Epoch 967/1000: Time Est.: Elapsed[3.02h], Remain[16.28m]
=================================================================
Epoch 968: Train (100%)  Score: 9.9599,  Loss: -0.3161
Epoch 968/1000: Time Est.: Elapsed[3.02h], Remain[15.78m]
=================================================================
Epoch 969: Train (100%)  Score: 9.8180,  Loss: -0.3084
Epoch 969/1000: Time Est.: Elapsed[3.03h], Remain[15.29m]
=================================================================
Epoch 970: Train (100%)  Score: 10.2152,  Loss: -0.3038
Epoch 970/1000: Time Est.: Elapsed[3.04h], Remain[14.80m]
=================================================================
Epoch 971: Train (100%)  Score: 10.4821,  Loss: -0.3131
Epoch 971/1000: Time Est.: Elapsed[3.05h], Remain[14.30m]
=================================================================
Epoch 972: Train (100%)  Score: 9.8969,  Loss: -0.3060
Epoch 972/1000: Time Est.: Elapsed[3.06h], Remain[13.81m]
=================================================================
Epoch 973: Train (100%)  Score: 10.2719,  Loss: -0.3054
Epoch 973/1000: Time Est.: Elapsed[3.07h], Remain[13.32m]
=================================================================
Epoch 974: Train (100%)  Score: 10.3050,  Loss: -0.3081
Epoch 974/1000: Time Est.: Elapsed[3.07h], Remain[12.82m]
=================================================================
Epoch 975: Train (100%)  Score: 10.4416,  Loss: -0.3243
Epoch 975/1000: Time Est.: Elapsed[3.08h], Remain[12.33m]
=================================================================
Epoch 976: Train (100%)  Score: 10.1143,  Loss: -0.3082
Epoch 976/1000: Time Est.: Elapsed[3.09h], Remain[11.84m]
=================================================================
Epoch 977: Train (100%)  Score: 10.2809,  Loss: -0.3130
Epoch 977/1000: Time Est.: Elapsed[3.10h], Remain[11.34m]
=================================================================
Epoch 978: Train (100%)  Score: 10.0126,  Loss: -0.3114
Epoch 978/1000: Time Est.: Elapsed[3.11h], Remain[10.85m]
=================================================================
Epoch 979: Train (100%)  Score: 10.2446,  Loss: -0.3105
Epoch 979/1000: Time Est.: Elapsed[3.12h], Remain[10.36m]
=================================================================
Epoch 980: Train (100%)  Score: 10.1369,  Loss: -0.2965
Epoch 980/1000: Time Est.: Elapsed[3.11h], Remain[9.83m]
=================================================================
Epoch 981: Train (100%)  Score: 10.1199,  Loss: -0.3130
Epoch 981/1000: Time Est.: Elapsed[3.13h], Remain[9.37m]
=================================================================
>> Invalid instances, Re-generating ...
Epoch 982: Train (100%)  Score: 10.4421,  Loss: -0.3129
Epoch 982/1000: Time Est.: Elapsed[3.14h], Remain[8.88m]
=================================================================
Epoch 983: Train (100%)  Score: 10.5006,  Loss: -0.3126
Epoch 983/1000: Time Est.: Elapsed[3.15h], Remain[8.38m]
=================================================================
Epoch 984: Train (100%)  Score: 9.9940,  Loss: -0.3040
Epoch 984/1000: Time Est.: Elapsed[3.16h], Remain[7.89m]
=================================================================
Epoch 985: Train (100%)  Score: 10.1734,  Loss: -0.3095
Epoch 985/1000: Time Est.: Elapsed[3.16h], Remain[7.40m]
=================================================================
Epoch 986: Train (100%)  Score: 10.0145,  Loss: -0.3083
Epoch 986/1000: Time Est.: Elapsed[3.17h], Remain[6.90m]
=================================================================
Epoch 987: Train (100%)  Score: 9.8832,  Loss: -0.3048
Epoch 987/1000: Time Est.: Elapsed[3.18h], Remain[6.41m]
=================================================================
Epoch 988: Train (100%)  Score: 10.2960,  Loss: -0.3117
Epoch 988/1000: Time Est.: Elapsed[3.19h], Remain[5.92m]
=================================================================
Epoch 989: Train (100%)  Score: 9.9457,  Loss: -0.3120
Epoch 989/1000: Time Est.: Elapsed[3.20h], Remain[5.42m]
=================================================================
Epoch 990: Train (100%)  Score: 9.8255,  Loss: -0.2985
Epoch 990/1000: Time Est.: Elapsed[3.21h], Remain[4.93m]
=================================================================
Epoch 991: Train (100%)  Score: 9.9359,  Loss: -0.3175
Epoch 991/1000: Time Est.: Elapsed[3.21h], Remain[4.44m]
=================================================================
Epoch 992: Train (100%)  Score: 10.3579,  Loss: -0.3118
Epoch 992/1000: Time Est.: Elapsed[3.22h], Remain[3.94m]
=================================================================
Epoch 993: Train (100%)  Score: 10.3921,  Loss: -0.3177
Epoch 993/1000: Time Est.: Elapsed[3.23h], Remain[3.45m]
=================================================================
Epoch 994: Train (100%)  Score: 10.0740,  Loss: -0.3085
Epoch 994/1000: Time Est.: Elapsed[3.24h], Remain[2.96m]
=================================================================
Epoch 995: Train (100%)  Score: 10.0846,  Loss: -0.3060
Epoch 995/1000: Time Est.: Elapsed[3.25h], Remain[2.47m]
=================================================================
Epoch 996: Train (100%)  Score: 10.0728,  Loss: -0.3092
Epoch 996/1000: Time Est.: Elapsed[3.25h], Remain[1.97m]
=================================================================
Epoch 997: Train (100%)  Score: 10.3491,  Loss: -0.3119
Epoch 997/1000: Time Est.: Elapsed[3.26h], Remain[1.48m]
=================================================================
Epoch 998: Train (100%)  Score: 10.3388,  Loss: -0.3090
Epoch 998/1000: Time Est.: Elapsed[3.27h], Remain[0.99m]
=================================================================
Epoch 999: Train (100%)  Score: 9.9464,  Loss: -0.3002
Epoch 999/1000: Time Est.: Elapsed[3.28h], Remain[0.49m]
=================================================================
Epoch 1000: Train (100%)  Score: 10.0596,  Loss: -0.3075
Epoch 1000/1000: Time Est.: Elapsed[3.29h], Remain[0.00m]
Saving trained_model

================================================================================
>> Finish Train_ALL Training using SlotDiffModel Model ...
================================================================================
